[Sat Sep 13 21:20:29.060553 2025] [ssl:warn] [pid 23016:tid 472] AH01909: www.example.com:443:0 server certificate does NOT include an ID which matches the server name
[Sat Sep 13 21:20:29.254681 2025] [ssl:warn] [pid 23016:tid 472] AH01909: www.example.com:443:0 server certificate does NOT include an ID which matches the server name
[Sat Sep 13 21:20:30.020783 2025] [mpm_winnt:notice] [pid 23016:tid 472] AH00455: Apache/2.4.58 (Win64) OpenSSL/3.1.3 PHP/8.0.30 configured -- resuming normal operations
[Sat Sep 13 21:20:30.020783 2025] [mpm_winnt:notice] [pid 23016:tid 472] AH00456: Apache Lounge VS17 Server built: Oct 18 2023 13:03:18
[Sat Sep 13 21:20:30.020783 2025] [core:notice] [pid 23016:tid 472] AH00094: Command line: 'C:\\xampp\\apache\\bin\\httpd.exe -d C:/xampp/apache'
[Sat Sep 13 21:20:30.036826 2025] [mpm_winnt:notice] [pid 23016:tid 472] AH00418: Parent: Created child process 3764
[Sat Sep 13 21:20:31.698174 2025] [ssl:warn] [pid 3764:tid 460] AH01909: www.example.com:443:0 server certificate does NOT include an ID which matches the server name
[Sat Sep 13 21:20:31.841415 2025] [ssl:warn] [pid 3764:tid 460] AH01909: www.example.com:443:0 server certificate does NOT include an ID which matches the server name
[Sat Sep 13 21:20:31.897969 2025] [mpm_winnt:notice] [pid 3764:tid 460] AH00354: Child: Starting 150 worker threads.
[Sat Sep 13 21:54:05.728305 2025] [ssl:warn] [pid 16764:tid 460] AH01909: www.example.com:443:0 server certificate does NOT include an ID which matches the server name
[Sat Sep 13 21:54:05.806851 2025] [ssl:warn] [pid 16764:tid 460] AH01909: www.example.com:443:0 server certificate does NOT include an ID which matches the server name
[Sat Sep 13 21:54:05.836988 2025] [mpm_winnt:notice] [pid 16764:tid 460] AH00455: Apache/2.4.58 (Win64) OpenSSL/3.1.3 PHP/8.0.30 configured -- resuming normal operations
[Sat Sep 13 21:54:05.836988 2025] [mpm_winnt:notice] [pid 16764:tid 460] AH00456: Apache Lounge VS17 Server built: Oct 18 2023 13:03:18
[Sat Sep 13 21:54:05.836988 2025] [core:notice] [pid 16764:tid 460] AH00094: Command line: 'c:\\xampp\\apache\\bin\\httpd.exe -d C:/xampp/apache'
[Sat Sep 13 21:54:05.842500 2025] [mpm_winnt:notice] [pid 16764:tid 460] AH00418: Parent: Created child process 12568
[Sat Sep 13 21:54:06.528295 2025] [ssl:warn] [pid 12568:tid 440] AH01909: www.example.com:443:0 server certificate does NOT include an ID which matches the server name
[Sat Sep 13 21:54:06.596103 2025] [ssl:warn] [pid 12568:tid 440] AH01909: www.example.com:443:0 server certificate does NOT include an ID which matches the server name
[Sat Sep 13 21:54:06.632743 2025] [mpm_winnt:notice] [pid 12568:tid 440] AH00354: Child: Starting 150 worker threads.
[Sat Sep 13 22:18:50.335938 2025] [ssl:warn] [pid 17304:tid 444] AH01909: www.example.com:443:0 server certificate does NOT include an ID which matches the server name
[Sat Sep 13 22:18:50.416914 2025] [core:warn] [pid 17304:tid 444] AH00098: pid file C:/xampp/apache/logs/httpd.pid overwritten -- Unclean shutdown of previous Apache run?
[Sat Sep 13 22:18:50.422440 2025] [ssl:warn] [pid 17304:tid 444] AH01909: www.example.com:443:0 server certificate does NOT include an ID which matches the server name
[Sat Sep 13 22:18:50.457075 2025] [mpm_winnt:notice] [pid 17304:tid 444] AH00455: Apache/2.4.58 (Win64) OpenSSL/3.1.3 PHP/8.0.30 configured -- resuming normal operations
[Sat Sep 13 22:18:50.457075 2025] [mpm_winnt:notice] [pid 17304:tid 444] AH00456: Apache Lounge VS17 Server built: Oct 18 2023 13:03:18
[Sat Sep 13 22:18:50.457075 2025] [core:notice] [pid 17304:tid 444] AH00094: Command line: 'c:\\xampp\\apache\\bin\\httpd.exe -d C:/xampp/apache'
[Sat Sep 13 22:18:50.463074 2025] [mpm_winnt:notice] [pid 17304:tid 444] AH00418: Parent: Created child process 20588
[Sat Sep 13 22:18:51.324393 2025] [ssl:warn] [pid 20588:tid 440] AH01909: www.example.com:443:0 server certificate does NOT include an ID which matches the server name
[Sat Sep 13 22:18:51.397259 2025] [ssl:warn] [pid 20588:tid 440] AH01909: www.example.com:443:0 server certificate does NOT include an ID which matches the server name
[Sat Sep 13 22:18:51.431352 2025] [mpm_winnt:notice] [pid 20588:tid 440] AH00354: Child: Starting 150 worker threads.
[Sat Sep 13 22:25:29.695126 2025] [ssl:warn] [pid 7372:tid 500] AH01909: www.example.com:443:0 server certificate does NOT include an ID which matches the server name
[Sat Sep 13 22:25:29.775921 2025] [core:warn] [pid 7372:tid 500] AH00098: pid file C:/xampp/apache/logs/httpd.pid overwritten -- Unclean shutdown of previous Apache run?
[Sat Sep 13 22:25:29.780445 2025] [ssl:warn] [pid 7372:tid 500] AH01909: www.example.com:443:0 server certificate does NOT include an ID which matches the server name
[Sat Sep 13 22:25:29.823087 2025] [mpm_winnt:notice] [pid 7372:tid 500] AH00455: Apache/2.4.58 (Win64) OpenSSL/3.1.3 PHP/8.0.30 configured -- resuming normal operations
[Sat Sep 13 22:25:29.823087 2025] [mpm_winnt:notice] [pid 7372:tid 500] AH00456: Apache Lounge VS17 Server built: Oct 18 2023 13:03:18
[Sat Sep 13 22:25:29.823087 2025] [core:notice] [pid 7372:tid 500] AH00094: Command line: 'c:\\xampp\\apache\\bin\\httpd.exe -d C:/xampp/apache'
[Sat Sep 13 22:25:29.830123 2025] [mpm_winnt:notice] [pid 7372:tid 500] AH00418: Parent: Created child process 24732
[Sat Sep 13 22:25:30.613057 2025] [ssl:warn] [pid 24732:tid 444] AH01909: www.example.com:443:0 server certificate does NOT include an ID which matches the server name
[Sat Sep 13 22:25:30.693500 2025] [ssl:warn] [pid 24732:tid 444] AH01909: www.example.com:443:0 server certificate does NOT include an ID which matches the server name
[Sat Sep 13 22:25:30.735428 2025] [mpm_winnt:notice] [pid 24732:tid 444] AH00354: Child: Starting 150 worker threads.
[Sat Sep 13 22:25:40.323280 2025] [php:warn] [pid 24732:tid 1936] [client ::1:1309] PHP Warning:  mysqli::__construct(): (HY000/1049): Unknown database 'ovas_db' in C:\\xampp\\htdocs\\ovas\\classes\\DBConnection.php on line 18
[Sat Sep 13 22:25:40.323280 2025] [php:error] [pid 24732:tid 1936] [client ::1:1309] PHP Fatal error:  Uncaught Error: mysqli object is already closed in C:\\xampp\\htdocs\\ovas\\classes\\SystemSettings.php:16\nStack trace:\n#0 C:\\xampp\\htdocs\\ovas\\classes\\SystemSettings.php(16): mysqli->query('SELECT * FROM s...')\n#1 C:\\xampp\\htdocs\\ovas\\classes\\SystemSettings.php(191): SystemSettings->load_system_info()\n#2 C:\\xampp\\htdocs\\ovas\\config.php(9): require_once('C:\\\\xampp\\\\htdocs...')\n#3 C:\\xampp\\htdocs\\ovas\\index.php(1): require_once('C:\\\\xampp\\\\htdocs...')\n#4 {main}\n  thrown in C:\\xampp\\htdocs\\ovas\\classes\\SystemSettings.php on line 16
[Sat Sep 13 22:25:40.324787 2025] [php:error] [pid 24732:tid 1936] [client ::1:1309] PHP Fatal error:  Uncaught Error: mysqli object is already closed in C:\\xampp\\htdocs\\ovas\\classes\\DBConnection.php:28\nStack trace:\n#0 C:\\xampp\\htdocs\\ovas\\classes\\DBConnection.php(28): mysqli->close()\n#1 [internal function]: DBConnection->__destruct()\n#2 {main}\n  thrown in C:\\xampp\\htdocs\\ovas\\classes\\DBConnection.php on line 28
[Sat Sep 13 22:25:44.610073 2025] [php:warn] [pid 24732:tid 1936] [client ::1:1309] PHP Warning:  mysqli::__construct(): (HY000/1049): Unknown database 'ovas_db' in C:\\xampp\\htdocs\\ovas\\classes\\DBConnection.php on line 18
[Sat Sep 13 22:25:44.611072 2025] [php:error] [pid 24732:tid 1936] [client ::1:1309] PHP Fatal error:  Uncaught Error: mysqli object is already closed in C:\\xampp\\htdocs\\ovas\\classes\\SystemSettings.php:16\nStack trace:\n#0 C:\\xampp\\htdocs\\ovas\\classes\\SystemSettings.php(16): mysqli->query('SELECT * FROM s...')\n#1 C:\\xampp\\htdocs\\ovas\\classes\\SystemSettings.php(191): SystemSettings->load_system_info()\n#2 C:\\xampp\\htdocs\\ovas\\config.php(9): require_once('C:\\\\xampp\\\\htdocs...')\n#3 C:\\xampp\\htdocs\\ovas\\index.php(1): require_once('C:\\\\xampp\\\\htdocs...')\n#4 {main}\n  thrown in C:\\xampp\\htdocs\\ovas\\classes\\SystemSettings.php on line 16
[Sat Sep 13 22:25:44.611072 2025] [php:error] [pid 24732:tid 1936] [client ::1:1309] PHP Fatal error:  Uncaught Error: mysqli object is already closed in C:\\xampp\\htdocs\\ovas\\classes\\DBConnection.php:28\nStack trace:\n#0 C:\\xampp\\htdocs\\ovas\\classes\\DBConnection.php(28): mysqli->close()\n#1 [internal function]: DBConnection->__destruct()\n#2 {main}\n  thrown in C:\\xampp\\htdocs\\ovas\\classes\\DBConnection.php on line 28
[Sat Sep 13 22:28:26.432727 2025] [php:warn] [pid 24732:tid 1936] [client ::1:9422] PHP Warning:  mysqli::__construct(): (HY000/1049): Unknown database 'ovas_db' in C:\\xampp\\htdocs\\ovas\\classes\\DBConnection.php on line 18
[Sat Sep 13 22:28:26.432727 2025] [php:error] [pid 24732:tid 1936] [client ::1:9422] PHP Fatal error:  Uncaught Error: mysqli object is already closed in C:\\xampp\\htdocs\\ovas\\classes\\SystemSettings.php:16\nStack trace:\n#0 C:\\xampp\\htdocs\\ovas\\classes\\SystemSettings.php(16): mysqli->query('SELECT * FROM s...')\n#1 C:\\xampp\\htdocs\\ovas\\classes\\SystemSettings.php(191): SystemSettings->load_system_info()\n#2 C:\\xampp\\htdocs\\ovas\\config.php(9): require_once('C:\\\\xampp\\\\htdocs...')\n#3 C:\\xampp\\htdocs\\ovas\\index.php(1): require_once('C:\\\\xampp\\\\htdocs...')\n#4 {main}\n  thrown in C:\\xampp\\htdocs\\ovas\\classes\\SystemSettings.php on line 16
[Sat Sep 13 22:28:26.432727 2025] [php:error] [pid 24732:tid 1936] [client ::1:9422] PHP Fatal error:  Uncaught Error: mysqli object is already closed in C:\\xampp\\htdocs\\ovas\\classes\\DBConnection.php:28\nStack trace:\n#0 C:\\xampp\\htdocs\\ovas\\classes\\DBConnection.php(28): mysqli->close()\n#1 [internal function]: DBConnection->__destruct()\n#2 {main}\n  thrown in C:\\xampp\\htdocs\\ovas\\classes\\DBConnection.php on line 28
[Sat Sep 13 22:35:17.210825 2025] [php:warn] [pid 24732:tid 1904] [client ::1:8381] PHP Warning:  mysqli::__construct(): (HY000/1049): Unknown database 'ovas_db' in C:\\xampp\\htdocs\\ovas\\classes\\DBConnection.php on line 18
[Sat Sep 13 22:35:17.211836 2025] [php:error] [pid 24732:tid 1904] [client ::1:8381] PHP Fatal error:  Uncaught Error: mysqli object is already closed in C:\\xampp\\htdocs\\ovas\\classes\\SystemSettings.php:16\nStack trace:\n#0 C:\\xampp\\htdocs\\ovas\\classes\\SystemSettings.php(16): mysqli->query('SELECT * FROM s...')\n#1 C:\\xampp\\htdocs\\ovas\\classes\\SystemSettings.php(191): SystemSettings->load_system_info()\n#2 C:\\xampp\\htdocs\\ovas\\config.php(9): require_once('C:\\\\xampp\\\\htdocs...')\n#3 C:\\xampp\\htdocs\\ovas\\index.php(1): require_once('C:\\\\xampp\\\\htdocs...')\n#4 {main}\n  thrown in C:\\xampp\\htdocs\\ovas\\classes\\SystemSettings.php on line 16
[Sat Sep 13 22:35:17.211836 2025] [php:error] [pid 24732:tid 1904] [client ::1:8381] PHP Fatal error:  Uncaught Error: mysqli object is already closed in C:\\xampp\\htdocs\\ovas\\classes\\DBConnection.php:28\nStack trace:\n#0 C:\\xampp\\htdocs\\ovas\\classes\\DBConnection.php(28): mysqli->close()\n#1 [internal function]: DBConnection->__destruct()\n#2 {main}\n  thrown in C:\\xampp\\htdocs\\ovas\\classes\\DBConnection.php on line 28
[Sat Sep 13 22:35:18.239980 2025] [php:warn] [pid 24732:tid 1904] [client ::1:8381] PHP Warning:  mysqli::__construct(): (HY000/1049): Unknown database 'ovas_db' in C:\\xampp\\htdocs\\ovas\\classes\\DBConnection.php on line 18
[Sat Sep 13 22:35:18.240980 2025] [php:error] [pid 24732:tid 1904] [client ::1:8381] PHP Fatal error:  Uncaught Error: mysqli object is already closed in C:\\xampp\\htdocs\\ovas\\classes\\SystemSettings.php:16\nStack trace:\n#0 C:\\xampp\\htdocs\\ovas\\classes\\SystemSettings.php(16): mysqli->query('SELECT * FROM s...')\n#1 C:\\xampp\\htdocs\\ovas\\classes\\SystemSettings.php(191): SystemSettings->load_system_info()\n#2 C:\\xampp\\htdocs\\ovas\\config.php(9): require_once('C:\\\\xampp\\\\htdocs...')\n#3 C:\\xampp\\htdocs\\ovas\\index.php(1): require_once('C:\\\\xampp\\\\htdocs...')\n#4 {main}\n  thrown in C:\\xampp\\htdocs\\ovas\\classes\\SystemSettings.php on line 16
[Sat Sep 13 22:35:18.241981 2025] [php:error] [pid 24732:tid 1904] [client ::1:8381] PHP Fatal error:  Uncaught Error: mysqli object is already closed in C:\\xampp\\htdocs\\ovas\\classes\\DBConnection.php:28\nStack trace:\n#0 C:\\xampp\\htdocs\\ovas\\classes\\DBConnection.php(28): mysqli->close()\n#1 [internal function]: DBConnection->__destruct()\n#2 {main}\n  thrown in C:\\xampp\\htdocs\\ovas\\classes\\DBConnection.php on line 28
[Sat Sep 13 22:35:20.709973 2025] [php:warn] [pid 24732:tid 1904] [client ::1:8381] PHP Warning:  mysqli::__construct(): (HY000/1049): Unknown database 'ovas_db' in C:\\xampp\\htdocs\\ovas\\classes\\DBConnection.php on line 18
[Sat Sep 13 22:35:20.710981 2025] [php:error] [pid 24732:tid 1904] [client ::1:8381] PHP Fatal error:  Uncaught Error: mysqli object is already closed in C:\\xampp\\htdocs\\ovas\\classes\\SystemSettings.php:16\nStack trace:\n#0 C:\\xampp\\htdocs\\ovas\\classes\\SystemSettings.php(16): mysqli->query('SELECT * FROM s...')\n#1 C:\\xampp\\htdocs\\ovas\\classes\\SystemSettings.php(191): SystemSettings->load_system_info()\n#2 C:\\xampp\\htdocs\\ovas\\config.php(9): require_once('C:\\\\xampp\\\\htdocs...')\n#3 C:\\xampp\\htdocs\\ovas\\index.php(1): require_once('C:\\\\xampp\\\\htdocs...')\n#4 {main}\n  thrown in C:\\xampp\\htdocs\\ovas\\classes\\SystemSettings.php on line 16
[Sat Sep 13 22:35:20.711975 2025] [php:error] [pid 24732:tid 1904] [client ::1:8381] PHP Fatal error:  Uncaught Error: mysqli object is already closed in C:\\xampp\\htdocs\\ovas\\classes\\DBConnection.php:28\nStack trace:\n#0 C:\\xampp\\htdocs\\ovas\\classes\\DBConnection.php(28): mysqli->close()\n#1 [internal function]: DBConnection->__destruct()\n#2 {main}\n  thrown in C:\\xampp\\htdocs\\ovas\\classes\\DBConnection.php on line 28
[Sat Sep 13 22:35:22.397936 2025] [php:warn] [pid 24732:tid 1904] [client ::1:8381] PHP Warning:  mysqli::__construct(): (HY000/1049): Unknown database 'ovas_db' in C:\\xampp\\htdocs\\ovas\\classes\\DBConnection.php on line 18
[Sat Sep 13 22:35:22.397936 2025] [php:error] [pid 24732:tid 1904] [client ::1:8381] PHP Fatal error:  Uncaught Error: mysqli object is already closed in C:\\xampp\\htdocs\\ovas\\classes\\SystemSettings.php:16\nStack trace:\n#0 C:\\xampp\\htdocs\\ovas\\classes\\SystemSettings.php(16): mysqli->query('SELECT * FROM s...')\n#1 C:\\xampp\\htdocs\\ovas\\classes\\SystemSettings.php(191): SystemSettings->load_system_info()\n#2 C:\\xampp\\htdocs\\ovas\\config.php(9): require_once('C:\\\\xampp\\\\htdocs...')\n#3 C:\\xampp\\htdocs\\ovas\\index.php(1): require_once('C:\\\\xampp\\\\htdocs...')\n#4 {main}\n  thrown in C:\\xampp\\htdocs\\ovas\\classes\\SystemSettings.php on line 16
[Sat Sep 13 22:35:22.398935 2025] [php:error] [pid 24732:tid 1904] [client ::1:8381] PHP Fatal error:  Uncaught Error: mysqli object is already closed in C:\\xampp\\htdocs\\ovas\\classes\\DBConnection.php:28\nStack trace:\n#0 C:\\xampp\\htdocs\\ovas\\classes\\DBConnection.php(28): mysqli->close()\n#1 [internal function]: DBConnection->__destruct()\n#2 {main}\n  thrown in C:\\xampp\\htdocs\\ovas\\classes\\DBConnection.php on line 28
[Mon Sep 15 22:40:59.893287 2025] [ssl:warn] [pid 33664:tid 248] AH01909: www.example.com:443:0 server certificate does NOT include an ID which matches the server name
[Mon Sep 15 22:40:59.989822 2025] [core:warn] [pid 33664:tid 248] AH00098: pid file C:/xampp/apache/logs/httpd.pid overwritten -- Unclean shutdown of previous Apache run?
[Mon Sep 15 22:40:59.997834 2025] [ssl:warn] [pid 33664:tid 248] AH01909: www.example.com:443:0 server certificate does NOT include an ID which matches the server name
[Mon Sep 15 22:41:00.651972 2025] [mpm_winnt:notice] [pid 33664:tid 248] AH00455: Apache/2.4.58 (Win64) OpenSSL/3.1.3 PHP/8.0.30 configured -- resuming normal operations
[Mon Sep 15 22:41:00.651972 2025] [mpm_winnt:notice] [pid 33664:tid 248] AH00456: Apache Lounge VS17 Server built: Oct 18 2023 13:03:18
[Mon Sep 15 22:41:00.651972 2025] [core:notice] [pid 33664:tid 248] AH00094: Command line: 'c:\\xampp\\apache\\bin\\httpd.exe -d C:/xampp/apache'
[Mon Sep 15 22:41:00.659968 2025] [mpm_winnt:notice] [pid 33664:tid 248] AH00418: Parent: Created child process 18416
[Mon Sep 15 22:41:01.519123 2025] [ssl:warn] [pid 18416:tid 444] AH01909: www.example.com:443:0 server certificate does NOT include an ID which matches the server name
[Mon Sep 15 22:41:01.601136 2025] [ssl:warn] [pid 18416:tid 444] AH01909: www.example.com:443:0 server certificate does NOT include an ID which matches the server name
[Mon Sep 15 22:41:01.642666 2025] [mpm_winnt:notice] [pid 18416:tid 444] AH00354: Child: Starting 150 worker threads.
[Mon Sep 15 22:46:08.467881 2025] [mpm_winnt:crit] [pid 18416:tid 444] AH02538: Child: Parent process exited abruptly. Child process is ending
[Sun Oct 19 10:56:27.595987 2025] [ssl:warn] [pid 1256:tid 444] AH01909: www.example.com:443:0 server certificate does NOT include an ID which matches the server name
[Sun Oct 19 10:56:27.682360 2025] [core:warn] [pid 1256:tid 444] AH00098: pid file C:/xampp/apache/logs/httpd.pid overwritten -- Unclean shutdown of previous Apache run?
[Sun Oct 19 10:56:27.687983 2025] [ssl:warn] [pid 1256:tid 444] AH01909: www.example.com:443:0 server certificate does NOT include an ID which matches the server name
[Sun Oct 19 10:56:28.159959 2025] [mpm_winnt:notice] [pid 1256:tid 444] AH00455: Apache/2.4.58 (Win64) OpenSSL/3.1.3 PHP/8.0.30 configured -- resuming normal operations
[Sun Oct 19 10:56:28.159959 2025] [mpm_winnt:notice] [pid 1256:tid 444] AH00456: Apache Lounge VS17 Server built: Oct 18 2023 13:03:18
[Sun Oct 19 10:56:28.159959 2025] [core:notice] [pid 1256:tid 444] AH00094: Command line: 'c:\\xampp\\apache\\bin\\httpd.exe -d C:/xampp/apache'
[Sun Oct 19 10:56:28.165958 2025] [mpm_winnt:notice] [pid 1256:tid 444] AH00418: Parent: Created child process 29540
[Sun Oct 19 10:56:28.815673 2025] [ssl:warn] [pid 29540:tid 468] AH01909: www.example.com:443:0 server certificate does NOT include an ID which matches the server name
[Sun Oct 19 10:56:28.876203 2025] [ssl:warn] [pid 29540:tid 468] AH01909: www.example.com:443:0 server certificate does NOT include an ID which matches the server name
[Sun Oct 19 10:56:28.901243 2025] [mpm_winnt:notice] [pid 29540:tid 468] AH00354: Child: Starting 150 worker threads.
[Sun Oct 19 12:16:30.535062 2025] [ssl:warn] [pid 9628:tid 444] AH01909: www.example.com:443:0 server certificate does NOT include an ID which matches the server name
[Sun Oct 19 12:16:30.617872 2025] [core:warn] [pid 9628:tid 444] AH00098: pid file C:/xampp/apache/logs/httpd.pid overwritten -- Unclean shutdown of previous Apache run?
[Sun Oct 19 12:16:30.622876 2025] [ssl:warn] [pid 9628:tid 444] AH01909: www.example.com:443:0 server certificate does NOT include an ID which matches the server name
[Sun Oct 19 12:16:31.258080 2025] [mpm_winnt:notice] [pid 9628:tid 444] AH00455: Apache/2.4.58 (Win64) OpenSSL/3.1.3 PHP/8.0.30 configured -- resuming normal operations
[Sun Oct 19 12:16:31.258080 2025] [mpm_winnt:notice] [pid 9628:tid 444] AH00456: Apache Lounge VS17 Server built: Oct 18 2023 13:03:18
[Sun Oct 19 12:16:31.258080 2025] [core:notice] [pid 9628:tid 444] AH00094: Command line: 'c:\\xampp\\apache\\bin\\httpd.exe -d C:/xampp/apache'
[Sun Oct 19 12:16:31.266124 2025] [mpm_winnt:notice] [pid 9628:tid 444] AH00418: Parent: Created child process 23784
[Sun Oct 19 12:16:32.680438 2025] [ssl:warn] [pid 23784:tid 444] AH01909: www.example.com:443:0 server certificate does NOT include an ID which matches the server name
[Sun Oct 19 12:16:32.779244 2025] [ssl:warn] [pid 23784:tid 444] AH01909: www.example.com:443:0 server certificate does NOT include an ID which matches the server name
[Sun Oct 19 12:16:32.829396 2025] [mpm_winnt:notice] [pid 23784:tid 444] AH00354: Child: Starting 150 worker threads.
[Sun Oct 19 12:16:56.216051 2025] [php:warn] [pid 23784:tid 1960] [client ::1:2010] PHP Warning:  mysqli::__construct(): (HY000/1045): Access denied for user 'root'@'localhost' (using password: NO) in C:\\xampp\\htdocs\\ovas\\classes\\DBConnection.php on line 18, referer: http://localhost/ovas/admin/
[Sun Oct 19 12:16:56.217124 2025] [php:error] [pid 23784:tid 1960] [client ::1:2010] PHP Fatal error:  Uncaught Error: mysqli object is already closed in C:\\xampp\\htdocs\\ovas\\classes\\SystemSettings.php:16\nStack trace:\n#0 C:\\xampp\\htdocs\\ovas\\classes\\SystemSettings.php(16): mysqli->query('SELECT * FROM s...')\n#1 C:\\xampp\\htdocs\\ovas\\classes\\SystemSettings.php(191): SystemSettings->load_system_info()\n#2 C:\\xampp\\htdocs\\ovas\\config.php(9): require_once('C:\\\\xampp\\\\htdocs...')\n#3 C:\\xampp\\htdocs\\ovas\\admin\\login.php(1): require_once('C:\\\\xampp\\\\htdocs...')\n#4 {main}\n  thrown in C:\\xampp\\htdocs\\ovas\\classes\\SystemSettings.php on line 16, referer: http://localhost/ovas/admin/
[Sun Oct 19 12:16:56.219123 2025] [php:error] [pid 23784:tid 1960] [client ::1:2010] PHP Fatal error:  Uncaught Error: mysqli object is already closed in C:\\xampp\\htdocs\\ovas\\classes\\DBConnection.php:28\nStack trace:\n#0 C:\\xampp\\htdocs\\ovas\\classes\\DBConnection.php(28): mysqli->close()\n#1 [internal function]: DBConnection->__destruct()\n#2 {main}\n  thrown in C:\\xampp\\htdocs\\ovas\\classes\\DBConnection.php on line 28, referer: http://localhost/ovas/admin/
[Sun Oct 19 14:48:33.745119 2025] [ssl:warn] [pid 27080:tid 444] AH01909: www.example.com:443:0 server certificate does NOT include an ID which matches the server name
[Sun Oct 19 14:48:33.797518 2025] [core:warn] [pid 27080:tid 444] AH00098: pid file C:/xampp/apache/logs/httpd.pid overwritten -- Unclean shutdown of previous Apache run?
[Sun Oct 19 14:48:33.800552 2025] [ssl:warn] [pid 27080:tid 444] AH01909: www.example.com:443:0 server certificate does NOT include an ID which matches the server name
[Sun Oct 19 14:48:34.374909 2025] [mpm_winnt:notice] [pid 27080:tid 444] AH00455: Apache/2.4.58 (Win64) OpenSSL/3.1.3 PHP/8.0.30 configured -- resuming normal operations
[Sun Oct 19 14:48:34.374909 2025] [mpm_winnt:notice] [pid 27080:tid 444] AH00456: Apache Lounge VS17 Server built: Oct 18 2023 13:03:18
[Sun Oct 19 14:48:34.374909 2025] [core:notice] [pid 27080:tid 444] AH00094: Command line: 'c:\\xampp\\apache\\bin\\httpd.exe -d C:/xampp/apache'
[Sun Oct 19 14:48:34.381509 2025] [mpm_winnt:notice] [pid 27080:tid 444] AH00418: Parent: Created child process 20004
[Sun Oct 19 14:48:34.982751 2025] [ssl:warn] [pid 20004:tid 484] AH01909: www.example.com:443:0 server certificate does NOT include an ID which matches the server name
[Sun Oct 19 14:48:35.054263 2025] [ssl:warn] [pid 20004:tid 484] AH01909: www.example.com:443:0 server certificate does NOT include an ID which matches the server name
[Sun Oct 19 14:48:35.079553 2025] [mpm_winnt:notice] [pid 20004:tid 484] AH00354: Child: Starting 150 worker threads.
[Sun Oct 19 14:50:15.539065 2025] [ssl:warn] [pid 24320:tid 444] AH01909: www.example.com:443:0 server certificate does NOT include an ID which matches the server name
[Sun Oct 19 14:50:15.589072 2025] [core:warn] [pid 24320:tid 444] AH00098: pid file C:/xampp/apache/logs/httpd.pid overwritten -- Unclean shutdown of previous Apache run?
[Sun Oct 19 14:50:15.592072 2025] [ssl:warn] [pid 24320:tid 444] AH01909: www.example.com:443:0 server certificate does NOT include an ID which matches the server name
[Sun Oct 19 14:50:15.616506 2025] [mpm_winnt:notice] [pid 24320:tid 444] AH00455: Apache/2.4.58 (Win64) OpenSSL/3.1.3 PHP/8.0.30 configured -- resuming normal operations
[Sun Oct 19 14:50:15.616506 2025] [mpm_winnt:notice] [pid 24320:tid 444] AH00456: Apache Lounge VS17 Server built: Oct 18 2023 13:03:18
[Sun Oct 19 14:50:15.616506 2025] [core:notice] [pid 24320:tid 444] AH00094: Command line: 'c:\\xampp\\apache\\bin\\httpd.exe -d C:/xampp/apache'
[Sun Oct 19 14:50:15.621897 2025] [mpm_winnt:notice] [pid 24320:tid 444] AH00418: Parent: Created child process 18100
[Sun Oct 19 14:50:16.337703 2025] [ssl:warn] [pid 18100:tid 444] AH01909: www.example.com:443:0 server certificate does NOT include an ID which matches the server name
[Sun Oct 19 14:50:16.406087 2025] [ssl:warn] [pid 18100:tid 444] AH01909: www.example.com:443:0 server certificate does NOT include an ID which matches the server name
[Sun Oct 19 14:50:16.436777 2025] [mpm_winnt:notice] [pid 18100:tid 444] AH00354: Child: Starting 150 worker threads.
[Sun Oct 19 15:02:38.954297 2025] [php:error] [pid 18100:tid 1924] [client ::1:10045] PHP Fatal error:  Cannot use isset() on the result of an expression (you can use "null !== expression" instead) in C:\\xampp\\htdocs\\ovas\\home.php on line 222, referer: http://localhost/ovas/admin/login.php
[Sun Oct 19 15:42:47.465019 2025] [php:error] [pid 18100:tid 1928] [client ::1:2553] PHP Fatal error:  Cannot use isset() on the result of an expression (you can use "null !== expression" instead) in C:\\xampp\\htdocs\\ovas\\home.php on line 222, referer: http://localhost/ovas/admin/login.php
[Sun Oct 19 15:45:34.874320 2025] [php:error] [pid 18100:tid 1924] [client ::1:10687] PHP Fatal error:  Uncaught Error: Call to a member function fetch_assoc() on bool in C:\\xampp\\htdocs\\ovas\\home.php:307\nStack trace:\n#0 C:\\xampp\\htdocs\\ovas\\index.php(64): include()\n#1 {main}\n  thrown in C:\\xampp\\htdocs\\ovas\\home.php on line 307, referer: http://localhost/ovas/admin/login.php
[Sun Oct 19 16:08:13.360545 2025] [php:error] [pid 18100:tid 1912] [client ::1:5491] PHP Fatal error:  Uncaught Error: Call to a member function fetch_assoc() on bool in C:\\xampp\\htdocs\\ovas\\services.php:266\nStack trace:\n#0 C:\\xampp\\htdocs\\ovas\\index.php(64): include()\n#1 {main}\n  thrown in C:\\xampp\\htdocs\\ovas\\services.php on line 266, referer: http://localhost/ovas/
[Sun Oct 19 16:08:26.213412 2025] [ssl:warn] [pid 26136:tid 444] AH01909: www.example.com:443:0 server certificate does NOT include an ID which matches the server name
[Sun Oct 19 16:08:26.275875 2025] [core:warn] [pid 26136:tid 444] AH00098: pid file C:/xampp/apache/logs/httpd.pid overwritten -- Unclean shutdown of previous Apache run?
[Sun Oct 19 16:08:26.278876 2025] [ssl:warn] [pid 26136:tid 444] AH01909: www.example.com:443:0 server certificate does NOT include an ID which matches the server name
[Sun Oct 19 16:08:26.333387 2025] [mpm_winnt:notice] [pid 26136:tid 444] AH00455: Apache/2.4.58 (Win64) OpenSSL/3.1.3 PHP/8.0.30 configured -- resuming normal operations
[Sun Oct 19 16:08:26.333387 2025] [mpm_winnt:notice] [pid 26136:tid 444] AH00456: Apache Lounge VS17 Server built: Oct 18 2023 13:03:18
[Sun Oct 19 16:08:26.333387 2025] [core:notice] [pid 26136:tid 444] AH00094: Command line: 'c:\\xampp\\apache\\bin\\httpd.exe -d C:/xampp/apache'
[Sun Oct 19 16:08:26.338388 2025] [mpm_winnt:notice] [pid 26136:tid 444] AH00418: Parent: Created child process 14540
[Sun Oct 19 16:08:26.908683 2025] [ssl:warn] [pid 14540:tid 440] AH01909: www.example.com:443:0 server certificate does NOT include an ID which matches the server name
[Sun Oct 19 16:08:26.966649 2025] [ssl:warn] [pid 14540:tid 440] AH01909: www.example.com:443:0 server certificate does NOT include an ID which matches the server name
[Sun Oct 19 16:08:26.994752 2025] [mpm_winnt:notice] [pid 14540:tid 440] AH00354: Child: Starting 150 worker threads.
[Sun Oct 19 16:08:29.300970 2025] [php:error] [pid 14540:tid 1924] [client ::1:6037] PHP Fatal error:  Uncaught Error: Call to a member function fetch_assoc() on bool in C:\\xampp\\htdocs\\ovas\\services.php:266\nStack trace:\n#0 C:\\xampp\\htdocs\\ovas\\index.php(64): include()\n#1 {main}\n  thrown in C:\\xampp\\htdocs\\ovas\\services.php on line 266, referer: http://localhost/ovas/
[Sun Oct 19 16:27:03.362352 2025] [php:error] [pid 14540:tid 1932] [client ::1:14143] PHP Fatal error:  Uncaught Error: Call to a member function fetch_assoc() on bool in C:\\xampp\\htdocs\\ovas\\services.php:267\nStack trace:\n#0 C:\\xampp\\htdocs\\ovas\\index.php(64): include()\n#1 {main}\n  thrown in C:\\xampp\\htdocs\\ovas\\services.php on line 267, referer: http://localhost/ovas/
[Sun Oct 19 16:27:11.843638 2025] [ssl:warn] [pid 14316:tid 444] AH01909: www.example.com:443:0 server certificate does NOT include an ID which matches the server name
[Sun Oct 19 16:27:11.906335 2025] [core:warn] [pid 14316:tid 444] AH00098: pid file C:/xampp/apache/logs/httpd.pid overwritten -- Unclean shutdown of previous Apache run?
[Sun Oct 19 16:27:11.908337 2025] [ssl:warn] [pid 14316:tid 444] AH01909: www.example.com:443:0 server certificate does NOT include an ID which matches the server name
[Sun Oct 19 16:27:11.933376 2025] [mpm_winnt:notice] [pid 14316:tid 444] AH00455: Apache/2.4.58 (Win64) OpenSSL/3.1.3 PHP/8.0.30 configured -- resuming normal operations
[Sun Oct 19 16:27:11.933376 2025] [mpm_winnt:notice] [pid 14316:tid 444] AH00456: Apache Lounge VS17 Server built: Oct 18 2023 13:03:18
[Sun Oct 19 16:27:11.933376 2025] [core:notice] [pid 14316:tid 444] AH00094: Command line: 'c:\\xampp\\apache\\bin\\httpd.exe -d C:/xampp/apache'
[Sun Oct 19 16:27:11.938373 2025] [mpm_winnt:notice] [pid 14316:tid 444] AH00418: Parent: Created child process 29412
[Sun Oct 19 16:27:12.498899 2025] [ssl:warn] [pid 29412:tid 440] AH01909: www.example.com:443:0 server certificate does NOT include an ID which matches the server name
[Sun Oct 19 16:27:12.551898 2025] [ssl:warn] [pid 29412:tid 440] AH01909: www.example.com:443:0 server certificate does NOT include an ID which matches the server name
[Sun Oct 19 16:27:12.577914 2025] [mpm_winnt:notice] [pid 29412:tid 440] AH00354: Child: Starting 150 worker threads.
[Sun Oct 19 16:27:43.078135 2025] [php:error] [pid 29412:tid 1932] [client ::1:2454] PHP Fatal error:  Uncaught Error: Call to a member function fetch_assoc() on bool in C:\\xampp\\htdocs\\ovas\\services.php:267\nStack trace:\n#0 C:\\xampp\\htdocs\\ovas\\index.php(64): include()\n#1 {main}\n  thrown in C:\\xampp\\htdocs\\ovas\\services.php on line 267, referer: http://localhost/ovas/
[Sun Oct 19 16:28:21.659395 2025] [php:error] [pid 29412:tid 1932] [client ::1:3478] PHP Fatal error:  Uncaught Error: Call to a member function fetch_assoc() on bool in C:\\xampp\\htdocs\\ovas\\services.php:267\nStack trace:\n#0 C:\\xampp\\htdocs\\ovas\\index.php(64): include()\n#1 {main}\n  thrown in C:\\xampp\\htdocs\\ovas\\services.php on line 267, referer: http://localhost/ovas/
[Sun Oct 19 16:44:26.274614 2025] [php:error] [pid 29412:tid 1928] [client ::1:6863] PHP Fatal error:  Uncaught Error: Call to a member function fetch_assoc() on bool in C:\\xampp\\htdocs\\ovas\\home.php:308\nStack trace:\n#0 C:\\xampp\\htdocs\\ovas\\index.php(64): include()\n#1 {main}\n  thrown in C:\\xampp\\htdocs\\ovas\\home.php on line 308, referer: http://localhost/ovas/?page=services
[Sun Oct 19 16:52:31.220724 2025] [php:error] [pid 29412:tid 1928] [client ::1:5702] PHP Fatal error:  Uncaught Error: Call to a member function fetch_assoc() on bool in C:\\xampp\\htdocs\\ovas\\home.php:308\nStack trace:\n#0 C:\\xampp\\htdocs\\ovas\\index.php(64): include()\n#1 {main}\n  thrown in C:\\xampp\\htdocs\\ovas\\home.php on line 308, referer: http://localhost/ovas/?page=services
[Sun Oct 19 16:52:36.416648 2025] [php:error] [pid 29412:tid 1932] [client ::1:11600] PHP Fatal error:  Uncaught Error: Call to a member function fetch_assoc() on bool in C:\\xampp\\htdocs\\ovas\\home.php:308\nStack trace:\n#0 C:\\xampp\\htdocs\\ovas\\index.php(64): include()\n#1 {main}\n  thrown in C:\\xampp\\htdocs\\ovas\\home.php on line 308, referer: http://localhost/ovas/
[Sun Oct 19 16:53:14.972156 2025] [php:error] [pid 29412:tid 1932] [client ::1:10445] PHP Fatal error:  Uncaught Error: Call to a member function fetch_assoc() on bool in C:\\xampp\\htdocs\\ovas\\home.php:308\nStack trace:\n#0 C:\\xampp\\htdocs\\ovas\\index.php(64): include()\n#1 {main}\n  thrown in C:\\xampp\\htdocs\\ovas\\home.php on line 308, referer: http://localhost/ovas/?page=services
[Sun Oct 19 17:03:34.947016 2025] [php:error] [pid 29412:tid 1928] [client ::1:10153] PHP Fatal error:  Uncaught Error: Call to a member function fetch_assoc() on bool in C:\\xampp\\htdocs\\ovas\\home.php:308\nStack trace:\n#0 C:\\xampp\\htdocs\\ovas\\index.php(64): include()\n#1 {main}\n  thrown in C:\\xampp\\htdocs\\ovas\\home.php on line 308, referer: http://localhost/ovas/?page=services
[Sun Oct 19 17:04:06.260131 2025] [php:error] [pid 29412:tid 1932] [client ::1:4330] PHP Fatal error:  Uncaught Error: Call to a member function fetch_assoc() on bool in C:\\xampp\\htdocs\\ovas\\home.php:308\nStack trace:\n#0 C:\\xampp\\htdocs\\ovas\\index.php(64): include()\n#1 {main}\n  thrown in C:\\xampp\\htdocs\\ovas\\home.php on line 308, referer: http://localhost/ovas/?page=services
[Sun Oct 19 17:04:06.798185 2025] [php:error] [pid 29412:tid 1932] [client ::1:4330] PHP Fatal error:  Uncaught Error: Call to a member function fetch_assoc() on bool in C:\\xampp\\htdocs\\ovas\\home.php:308\nStack trace:\n#0 C:\\xampp\\htdocs\\ovas\\index.php(64): include()\n#1 {main}\n  thrown in C:\\xampp\\htdocs\\ovas\\home.php on line 308, referer: http://localhost/ovas/?page=home
[Sun Oct 19 17:05:47.396583 2025] [php:error] [pid 29412:tid 1932] [client ::1:5107] PHP Fatal error:  Uncaught Error: Call to a member function fetch_assoc() on bool in C:\\xampp\\htdocs\\ovas\\home.php:308\nStack trace:\n#0 C:\\xampp\\htdocs\\ovas\\index.php(64): include()\n#1 {main}\n  thrown in C:\\xampp\\htdocs\\ovas\\home.php on line 308, referer: http://localhost/ovas/?page=home
[Sun Oct 19 17:10:56.871547 2025] [php:error] [pid 29412:tid 1924] [client ::1:8218] PHP Fatal error:  Uncaught Error: Call to a member function fetch_assoc() on bool in C:\\xampp\\htdocs\\ovas\\home.php:308\nStack trace:\n#0 C:\\xampp\\htdocs\\ovas\\index.php(64): include()\n#1 {main}\n  thrown in C:\\xampp\\htdocs\\ovas\\home.php on line 308, referer: http://localhost/ovas/?page=home
[Sun Oct 19 17:12:17.766414 2025] [php:error] [pid 29412:tid 1924] [client ::1:3111] PHP Fatal error:  Uncaught Error: Call to a member function fetch_assoc() on bool in C:\\xampp\\htdocs\\ovas\\home.php:308\nStack trace:\n#0 C:\\xampp\\htdocs\\ovas\\index.php(64): include()\n#1 {main}\n  thrown in C:\\xampp\\htdocs\\ovas\\home.php on line 308, referer: http://localhost/ovas/?page=services
[Sun Oct 19 17:24:46.592450 2025] [php:error] [pid 29412:tid 1932] [client ::1:8525] PHP Fatal error:  Uncaught Error: Call to a member function fetch_assoc() on bool in C:\\xampp\\htdocs\\ovas\\home.php:308\nStack trace:\n#0 C:\\xampp\\htdocs\\ovas\\index.php(64): include()\n#1 {main}\n  thrown in C:\\xampp\\htdocs\\ovas\\home.php on line 308, referer: http://localhost/ovas/?page=services
[Sun Oct 19 17:25:07.219576 2025] [php:error] [pid 29412:tid 1932] [client ::1:7929] PHP Fatal error:  Uncaught Error: Call to a member function fetch_assoc() on bool in C:\\xampp\\htdocs\\ovas\\home.php:308\nStack trace:\n#0 C:\\xampp\\htdocs\\ovas\\index.php(64): include()\n#1 {main}\n  thrown in C:\\xampp\\htdocs\\ovas\\home.php on line 308, referer: http://localhost/ovas/?page=services
[Sun Oct 19 17:25:43.249559 2025] [php:error] [pid 29412:tid 1924] [client ::1:7786] PHP Fatal error:  Uncaught Error: Call to a member function fetch_assoc() on bool in C:\\xampp\\htdocs\\ovas\\home.php:308\nStack trace:\n#0 C:\\xampp\\htdocs\\ovas\\index.php(64): include()\n#1 {main}\n  thrown in C:\\xampp\\htdocs\\ovas\\home.php on line 308, referer: http://localhost/ovas/?page=about_us
[Mon Oct 20 20:57:09.800080 2025] [ssl:warn] [pid 34008:tid 444] AH01909: www.example.com:443:0 server certificate does NOT include an ID which matches the server name
[Mon Oct 20 20:57:09.852086 2025] [core:warn] [pid 34008:tid 444] AH00098: pid file C:/xampp/apache/logs/httpd.pid overwritten -- Unclean shutdown of previous Apache run?
[Mon Oct 20 20:57:09.854084 2025] [ssl:warn] [pid 34008:tid 444] AH01909: www.example.com:443:0 server certificate does NOT include an ID which matches the server name
[Mon Oct 20 20:57:10.308795 2025] [mpm_winnt:notice] [pid 34008:tid 444] AH00455: Apache/2.4.58 (Win64) OpenSSL/3.1.3 PHP/8.0.30 configured -- resuming normal operations
[Mon Oct 20 20:57:10.308795 2025] [mpm_winnt:notice] [pid 34008:tid 444] AH00456: Apache Lounge VS17 Server built: Oct 18 2023 13:03:18
[Mon Oct 20 20:57:10.308795 2025] [core:notice] [pid 34008:tid 444] AH00094: Command line: 'c:\\xampp\\apache\\bin\\httpd.exe -d C:/xampp/apache'
[Mon Oct 20 20:57:10.312794 2025] [mpm_winnt:notice] [pid 34008:tid 444] AH00418: Parent: Created child process 7300
[Mon Oct 20 20:57:10.870484 2025] [ssl:warn] [pid 7300:tid 464] AH01909: www.example.com:443:0 server certificate does NOT include an ID which matches the server name
[Mon Oct 20 20:57:10.918485 2025] [ssl:warn] [pid 7300:tid 464] AH01909: www.example.com:443:0 server certificate does NOT include an ID which matches the server name
[Mon Oct 20 20:57:10.943485 2025] [mpm_winnt:notice] [pid 7300:tid 464] AH00354: Child: Starting 150 worker threads.
[Mon Oct 20 20:57:40.091682 2025] [php:error] [pid 7300:tid 1932] [client ::1:6194] PHP Fatal error:  Uncaught Error: Call to a member function fetch_assoc() on bool in C:\\xampp\\htdocs\\ovas\\home.php:308\nStack trace:\n#0 C:\\xampp\\htdocs\\ovas\\index.php(64): include()\n#1 {main}\n  thrown in C:\\xampp\\htdocs\\ovas\\home.php on line 308
[Mon Oct 20 20:57:47.149361 2025] [php:error] [pid 7300:tid 1928] [client ::1:7718] PHP Fatal error:  Uncaught Error: Call to a member function fetch_assoc() on bool in C:\\xampp\\htdocs\\ovas\\home.php:308\nStack trace:\n#0 C:\\xampp\\htdocs\\ovas\\index.php(64): include()\n#1 {main}\n  thrown in C:\\xampp\\htdocs\\ovas\\home.php on line 308, referer: http://localhost/ovas/
[Mon Oct 20 20:57:50.784889 2025] [php:error] [pid 7300:tid 1924] [client ::1:13596] PHP Fatal error:  Uncaught Error: Call to a member function fetch_assoc() on bool in C:\\xampp\\htdocs\\ovas\\home.php:308\nStack trace:\n#0 C:\\xampp\\htdocs\\ovas\\index.php(64): include()\n#1 {main}\n  thrown in C:\\xampp\\htdocs\\ovas\\home.php on line 308, referer: http://localhost/ovas/?page=about_us
[Mon Oct 20 20:57:50.843417 2025] [php:error] [pid 7300:tid 1924] [client ::1:13596] PHP Fatal error:  Uncaught Error: Call to a member function fetch_assoc() on bool in C:\\xampp\\htdocs\\ovas\\home.php:308\nStack trace:\n#0 C:\\xampp\\htdocs\\ovas\\index.php(64): include()\n#1 {main}\n  thrown in C:\\xampp\\htdocs\\ovas\\home.php on line 308, referer: http://localhost/ovas/?page=about_us
[Mon Oct 20 21:06:29.428271 2025] [php:error] [pid 7300:tid 1928] [client ::1:8092] PHP Fatal error:  Uncaught Error: Call to a member function fetch_assoc() on bool in C:\\xampp\\htdocs\\ovas\\home.php:308\nStack trace:\n#0 C:\\xampp\\htdocs\\ovas\\index.php(64): include()\n#1 {main}\n  thrown in C:\\xampp\\htdocs\\ovas\\home.php on line 308, referer: http://localhost/ovas/?page=about_us
[Mon Oct 20 21:43:43.419856 2025] [php:error] [pid 7300:tid 1928] [client ::1:2123] PHP Fatal error:  Uncaught Error: Call to a member function fetch_assoc() on bool in C:\\xampp\\htdocs\\ovas\\home.php:308\nStack trace:\n#0 C:\\xampp\\htdocs\\ovas\\index.php(64): include()\n#1 {main}\n  thrown in C:\\xampp\\htdocs\\ovas\\home.php on line 308, referer: http://localhost/ovas/?page=about_us
[Mon Oct 20 21:43:46.771196 2025] [php:error] [pid 7300:tid 1928] [client ::1:2123] PHP Fatal error:  Uncaught Error: Call to a member function fetch_assoc() on bool in C:\\xampp\\htdocs\\ovas\\home.php:308\nStack trace:\n#0 C:\\xampp\\htdocs\\ovas\\index.php(64): include()\n#1 {main}\n  thrown in C:\\xampp\\htdocs\\ovas\\home.php on line 308, referer: http://localhost/ovas/?page=about_us
[Mon Oct 20 21:44:01.879531 2025] [php:error] [pid 7300:tid 1936] [client ::1:4151] PHP Fatal error:  Uncaught Error: Call to a member function fetch_assoc() on bool in C:\\xampp\\htdocs\\ovas\\home.php:308\nStack trace:\n#0 C:\\xampp\\htdocs\\ovas\\index.php(64): include()\n#1 {main}\n  thrown in C:\\xampp\\htdocs\\ovas\\home.php on line 308, referer: http://localhost/ovas/?page=about_us
[Mon Oct 20 21:44:15.103627 2025] [php:error] [pid 7300:tid 1924] [client ::1:14032] PHP Fatal error:  Uncaught Error: Call to a member function fetch_assoc() on bool in C:\\xampp\\htdocs\\ovas\\home.php:308\nStack trace:\n#0 C:\\xampp\\htdocs\\ovas\\index.php(64): include()\n#1 {main}\n  thrown in C:\\xampp\\htdocs\\ovas\\home.php on line 308, referer: http://localhost/ovas/?page=services
[Mon Oct 20 21:48:54.138289 2025] [php:error] [pid 7300:tid 1924] [client ::1:5180] PHP Fatal error:  Uncaught Error: Call to a member function fetch_assoc() on bool in C:\\xampp\\htdocs\\ovas\\home.php:308\nStack trace:\n#0 C:\\xampp\\htdocs\\ovas\\index.php(64): include()\n#1 {main}\n  thrown in C:\\xampp\\htdocs\\ovas\\home.php on line 308, referer: http://localhost/ovas/?page=contact_us
[Mon Oct 20 21:54:50.284450 2025] [php:error] [pid 7300:tid 1928] [client ::1:8042] PHP Fatal error:  Uncaught Error: Call to a member function fetch_assoc() on bool in C:\\xampp\\htdocs\\ovas\\home.php:308\nStack trace:\n#0 C:\\xampp\\htdocs\\ovas\\index.php(64): include()\n#1 {main}\n  thrown in C:\\xampp\\htdocs\\ovas\\home.php on line 308, referer: http://localhost/ovas/?page=contact_us
[Mon Oct 20 21:54:53.543718 2025] [php:error] [pid 7300:tid 1928] [client ::1:8042] PHP Fatal error:  Uncaught Error: Call to a member function fetch_assoc() on bool in C:\\xampp\\htdocs\\ovas\\home.php:308\nStack trace:\n#0 C:\\xampp\\htdocs\\ovas\\index.php(64): include()\n#1 {main}\n  thrown in C:\\xampp\\htdocs\\ovas\\home.php on line 308, referer: http://localhost/ovas/?page=contact_us
[Mon Oct 20 21:55:26.415482 2025] [php:error] [pid 7300:tid 1924] [client ::1:10012] PHP Fatal error:  Uncaught Error: Call to a member function fetch_assoc() on bool in C:\\xampp\\htdocs\\ovas\\home.php:308\nStack trace:\n#0 C:\\xampp\\htdocs\\ovas\\index.php(64): include()\n#1 {main}\n  thrown in C:\\xampp\\htdocs\\ovas\\home.php on line 308, referer: http://localhost/ovas/?page=contact_us
[Mon Oct 20 22:00:45.718172 2025] [php:error] [pid 7300:tid 1928] [client ::1:1762] PHP Fatal error:  Uncaught Error: Call to a member function fetch_assoc() on bool in C:\\xampp\\htdocs\\ovas\\home.php:308\nStack trace:\n#0 C:\\xampp\\htdocs\\ovas\\index.php(64): include()\n#1 {main}\n  thrown in C:\\xampp\\htdocs\\ovas\\home.php on line 308, referer: http://localhost/ovas/?page=contact_us
[Mon Oct 20 22:01:17.610431 2025] [php:error] [pid 7300:tid 1924] [client ::1:7501] PHP Fatal error:  Uncaught Error: Call to a member function fetch_assoc() on bool in C:\\xampp\\htdocs\\ovas\\home.php:308\nStack trace:\n#0 C:\\xampp\\htdocs\\ovas\\index.php(64): include()\n#1 {main}\n  thrown in C:\\xampp\\htdocs\\ovas\\home.php on line 308, referer: http://localhost/ovas/?page=services
[Mon Oct 20 22:02:47.829801 2025] [php:error] [pid 7300:tid 1928] [client ::1:3631] PHP Fatal error:  Uncaught Error: Call to a member function fetch_assoc() on bool in C:\\xampp\\htdocs\\ovas\\home.php:308\nStack trace:\n#0 C:\\xampp\\htdocs\\ovas\\index.php(64): include()\n#1 {main}\n  thrown in C:\\xampp\\htdocs\\ovas\\home.php on line 308, referer: http://localhost/ovas/?page=services
[Mon Oct 20 22:02:56.705230 2025] [php:error] [pid 7300:tid 1924] [client ::1:14719] PHP Fatal error:  Uncaught Error: Call to a member function fetch_assoc() on bool in C:\\xampp\\htdocs\\ovas\\home.php:308\nStack trace:\n#0 C:\\xampp\\htdocs\\ovas\\index.php(64): include()\n#1 {main}\n  thrown in C:\\xampp\\htdocs\\ovas\\home.php on line 308, referer: http://localhost/ovas/?page=services
[Mon Oct 20 22:10:42.925934 2025] [php:error] [pid 7300:tid 1928] [client ::1:14736] PHP Fatal error:  Uncaught Error: Call to a member function fetch_assoc() on bool in C:\\xampp\\htdocs\\ovas\\home.php:308\nStack trace:\n#0 C:\\xampp\\htdocs\\ovas\\index.php(64): include()\n#1 {main}\n  thrown in C:\\xampp\\htdocs\\ovas\\home.php on line 308, referer: http://localhost/ovas/?page=contact_us
[Mon Oct 20 22:10:53.202163 2025] [php:error] [pid 7300:tid 1924] [client ::1:7917] PHP Fatal error:  Uncaught Error: Call to a member function fetch_assoc() on bool in C:\\xampp\\htdocs\\ovas\\home.php:308\nStack trace:\n#0 C:\\xampp\\htdocs\\ovas\\index.php(64): include()\n#1 {main}\n  thrown in C:\\xampp\\htdocs\\ovas\\home.php on line 308, referer: http://localhost/ovas/?page=services
[Mon Oct 20 22:12:43.680648 2025] [php:error] [pid 7300:tid 1924] [client ::1:8958] PHP Fatal error:  Uncaught Error: Call to a member function fetch_assoc() on bool in C:\\xampp\\htdocs\\ovas\\home.php:308\nStack trace:\n#0 C:\\xampp\\htdocs\\ovas\\index.php(64): include()\n#1 {main}\n  thrown in C:\\xampp\\htdocs\\ovas\\home.php on line 308, referer: http://localhost/ovas/?page=home
[Mon Oct 20 22:13:16.301311 2025] [php:error] [pid 7300:tid 1928] [client ::1:6311] PHP Fatal error:  Uncaught Error: Call to a member function fetch_assoc() on bool in C:\\xampp\\htdocs\\ovas\\home.php:308\nStack trace:\n#0 C:\\xampp\\htdocs\\ovas\\index.php(64): include()\n#1 {main}\n  thrown in C:\\xampp\\htdocs\\ovas\\home.php on line 308, referer: http://localhost/ovas/?page=home
[Mon Oct 20 22:13:25.746160 2025] [php:error] [pid 7300:tid 1924] [client ::1:5086] PHP Fatal error:  Uncaught Error: Call to a member function fetch_assoc() on bool in C:\\xampp\\htdocs\\ovas\\home.php:308\nStack trace:\n#0 C:\\xampp\\htdocs\\ovas\\index.php(64): include()\n#1 {main}\n  thrown in C:\\xampp\\htdocs\\ovas\\home.php on line 308, referer: http://localhost/ovas/?page=home
[Mon Oct 20 22:18:15.305886 2025] [php:error] [pid 7300:tid 1928] [client ::1:8220] PHP Fatal error:  Uncaught Error: Call to a member function fetch_assoc() on bool in C:\\xampp\\htdocs\\ovas\\home.php:308\nStack trace:\n#0 C:\\xampp\\htdocs\\ovas\\index.php(64): include()\n#1 {main}\n  thrown in C:\\xampp\\htdocs\\ovas\\home.php on line 308, referer: http://localhost/ovas/?page=home
[Mon Oct 20 22:18:25.093668 2025] [php:error] [pid 7300:tid 1924] [client ::1:5719] PHP Fatal error:  Uncaught Error: Call to a member function fetch_assoc() on bool in C:\\xampp\\htdocs\\ovas\\home.php:308\nStack trace:\n#0 C:\\xampp\\htdocs\\ovas\\index.php(64): include()\n#1 {main}\n  thrown in C:\\xampp\\htdocs\\ovas\\home.php on line 308, referer: http://localhost/ovas/?page=home
[Mon Oct 20 22:19:18.304664 2025] [php:error] [pid 7300:tid 1928] [client ::1:12223] PHP Fatal error:  Uncaught Error: Call to a member function fetch_assoc() on bool in C:\\xampp\\htdocs\\ovas\\home.php:308\nStack trace:\n#0 C:\\xampp\\htdocs\\ovas\\index.php(64): include()\n#1 {main}\n  thrown in C:\\xampp\\htdocs\\ovas\\home.php on line 308, referer: http://localhost/ovas/?page=home
[Mon Oct 20 22:19:21.575021 2025] [php:error] [pid 7300:tid 1936] [client ::1:7479] PHP Fatal error:  Uncaught Error: Call to a member function fetch_assoc() on bool in C:\\xampp\\htdocs\\ovas\\home.php:308\nStack trace:\n#0 C:\\xampp\\htdocs\\ovas\\index.php(64): include()\n#1 {main}\n  thrown in C:\\xampp\\htdocs\\ovas\\home.php on line 308, referer: http://localhost/ovas/?page=services
[Mon Oct 20 22:21:13.284333 2025] [php:error] [pid 7300:tid 1928] [client ::1:8928] PHP Fatal error:  Uncaught Error: Call to a member function fetch_assoc() on bool in C:\\xampp\\htdocs\\ovas\\home.php:308\nStack trace:\n#0 C:\\xampp\\htdocs\\ovas\\index.php(64): include()\n#1 {main}\n  thrown in C:\\xampp\\htdocs\\ovas\\home.php on line 308, referer: http://localhost/ovas/?page=services
[Mon Oct 20 22:26:06.774910 2025] [php:error] [pid 7300:tid 1936] [client ::1:6326] PHP Fatal error:  Uncaught Error: Call to a member function fetch_assoc() on bool in C:\\xampp\\htdocs\\ovas\\home.php:308\nStack trace:\n#0 C:\\xampp\\htdocs\\ovas\\index.php(64): include()\n#1 {main}\n  thrown in C:\\xampp\\htdocs\\ovas\\home.php on line 308, referer: http://localhost/ovas/?page=contact_us
[Mon Oct 20 22:26:17.825034 2025] [php:error] [pid 7300:tid 1936] [client ::1:12314] PHP Fatal error:  Uncaught Error: Call to a member function fetch_assoc() on bool in C:\\xampp\\htdocs\\ovas\\home.php:308\nStack trace:\n#0 C:\\xampp\\htdocs\\ovas\\index.php(64): include()\n#1 {main}\n  thrown in C:\\xampp\\htdocs\\ovas\\home.php on line 308, referer: http://localhost/ovas/?page=services
[Mon Oct 20 22:26:47.600605 2025] [php:error] [pid 7300:tid 1936] [client ::1:14186] PHP Fatal error:  Uncaught Error: Call to a member function fetch_assoc() on bool in C:\\xampp\\htdocs\\ovas\\home.php:308\nStack trace:\n#0 C:\\xampp\\htdocs\\ovas\\index.php(64): include()\n#1 {main}\n  thrown in C:\\xampp\\htdocs\\ovas\\home.php on line 308, referer: http://localhost/ovas/?page=services
[Mon Oct 20 22:26:52.173888 2025] [php:error] [pid 7300:tid 1924] [client ::1:3148] PHP Fatal error:  Uncaught Error: Call to a member function fetch_assoc() on bool in C:\\xampp\\htdocs\\ovas\\home.php:308\nStack trace:\n#0 C:\\xampp\\htdocs\\ovas\\index.php(64): include()\n#1 {main}\n  thrown in C:\\xampp\\htdocs\\ovas\\home.php on line 308, referer: http://localhost/ovas/?page=services
[Mon Oct 20 22:29:37.580985 2025] [php:error] [pid 7300:tid 1924] [client ::1:2225] PHP Fatal error:  Uncaught Error: Call to a member function fetch_assoc() on bool in C:\\xampp\\htdocs\\ovas\\home.php:308\nStack trace:\n#0 C:\\xampp\\htdocs\\ovas\\index.php(64): include()\n#1 {main}\n  thrown in C:\\xampp\\htdocs\\ovas\\home.php on line 308, referer: http://localhost/ovas/?page=home
[Mon Oct 20 22:29:42.065135 2025] [php:error] [pid 7300:tid 1936] [client ::1:1561] PHP Fatal error:  Uncaught Error: Call to a member function fetch_assoc() on bool in C:\\xampp\\htdocs\\ovas\\home.php:308\nStack trace:\n#0 C:\\xampp\\htdocs\\ovas\\index.php(64): include()\n#1 {main}\n  thrown in C:\\xampp\\htdocs\\ovas\\home.php on line 308, referer: http://localhost/ovas/?page=services
[Mon Oct 20 22:30:43.546759 2025] [php:error] [pid 7300:tid 1936] [client ::1:3232] PHP Fatal error:  Uncaught Error: Call to a member function fetch_assoc() on bool in C:\\xampp\\htdocs\\ovas\\home.php:308\nStack trace:\n#0 C:\\xampp\\htdocs\\ovas\\index.php(64): include()\n#1 {main}\n  thrown in C:\\xampp\\htdocs\\ovas\\home.php on line 308, referer: http://localhost/ovas/?page=services
[Mon Oct 20 22:31:20.414308 2025] [php:error] [pid 7300:tid 1936] [client ::1:12665] PHP Fatal error:  Uncaught Error: Call to a member function fetch_assoc() on bool in C:\\xampp\\htdocs\\ovas\\home.php:308\nStack trace:\n#0 C:\\xampp\\htdocs\\ovas\\index.php(64): include()\n#1 {main}\n  thrown in C:\\xampp\\htdocs\\ovas\\home.php on line 308, referer: http://localhost/ovas/?page=about_us
[Mon Oct 20 22:31:51.707122 2025] [php:error] [pid 7300:tid 1936] [client ::1:5281] PHP Fatal error:  Uncaught Error: Call to a member function fetch_assoc() on bool in C:\\xampp\\htdocs\\ovas\\home.php:308\nStack trace:\n#0 C:\\xampp\\htdocs\\ovas\\index.php(64): include()\n#1 {main}\n  thrown in C:\\xampp\\htdocs\\ovas\\home.php on line 308, referer: http://localhost/ovas/?page=about_us
[Mon Oct 20 22:33:51.789818 2025] [php:error] [pid 7300:tid 1936] [client ::1:9002] PHP Fatal error:  Uncaught Error: Call to a member function fetch_assoc() on bool in C:\\xampp\\htdocs\\ovas\\home.php:308\nStack trace:\n#0 C:\\xampp\\htdocs\\ovas\\index.php(64): include()\n#1 {main}\n  thrown in C:\\xampp\\htdocs\\ovas\\home.php on line 308, referer: http://localhost/ovas/?page=contact_us
[Mon Oct 20 22:33:55.054621 2025] [php:error] [pid 7300:tid 1928] [client ::1:8333] PHP Fatal error:  Uncaught Error: Call to a member function fetch_assoc() on bool in C:\\xampp\\htdocs\\ovas\\home.php:308\nStack trace:\n#0 C:\\xampp\\htdocs\\ovas\\index.php(64): include()\n#1 {main}\n  thrown in C:\\xampp\\htdocs\\ovas\\home.php on line 308, referer: http://localhost/ovas/?page=services
[Mon Oct 20 22:34:11.989475 2025] [php:error] [pid 7300:tid 1924] [client ::1:7784] PHP Fatal error:  Uncaught Error: Call to a member function fetch_assoc() on bool in C:\\xampp\\htdocs\\ovas\\home.php:308\nStack trace:\n#0 C:\\xampp\\htdocs\\ovas\\index.php(64): include()\n#1 {main}\n  thrown in C:\\xampp\\htdocs\\ovas\\home.php on line 308, referer: http://localhost/ovas/?page=contact_us
[Mon Oct 20 22:41:21.378489 2025] [php:error] [pid 7300:tid 1924] [client ::1:7396] PHP Fatal error:  Uncaught Error: Call to a member function fetch_assoc() on bool in C:\\xampp\\htdocs\\ovas\\home.php:308\nStack trace:\n#0 C:\\xampp\\htdocs\\ovas\\index.php(64): include()\n#1 {main}\n  thrown in C:\\xampp\\htdocs\\ovas\\home.php on line 308, referer: http://localhost/ovas/?page=home
[Mon Oct 20 22:43:03.661594 2025] [php:error] [pid 7300:tid 1924] [client ::1:3094] PHP Fatal error:  Uncaught Error: Call to a member function fetch_assoc() on bool in C:\\xampp\\htdocs\\ovas\\home.php:308\nStack trace:\n#0 C:\\xampp\\htdocs\\ovas\\index.php(64): include()\n#1 {main}\n  thrown in C:\\xampp\\htdocs\\ovas\\home.php on line 308, referer: http://localhost/ovas/?page=services
[Mon Oct 20 22:58:01.209850 2025] [php:error] [pid 7300:tid 1936] [client ::1:9559] PHP Fatal error:  Uncaught Error: Call to a member function fetch_assoc() on bool in C:\\xampp\\htdocs\\ovas\\services.php:39\nStack trace:\n#0 C:\\xampp\\htdocs\\ovas\\index.php(64): include()\n#1 {main}\n  thrown in C:\\xampp\\htdocs\\ovas\\services.php on line 39, referer: http://localhost/ovas/?page=home
[Mon Oct 20 22:58:41.020655 2025] [php:error] [pid 7300:tid 1936] [client ::1:14759] PHP Fatal error:  Uncaught Error: Call to a member function fetch_assoc() on bool in C:\\xampp\\htdocs\\ovas\\services.php:39\nStack trace:\n#0 C:\\xampp\\htdocs\\ovas\\index.php(64): include()\n#1 {main}\n  thrown in C:\\xampp\\htdocs\\ovas\\services.php on line 39, referer: http://localhost/ovas/?page=home
[Mon Oct 20 22:58:41.529061 2025] [php:error] [pid 7300:tid 1936] [client ::1:14759] PHP Fatal error:  Uncaught Error: Call to a member function fetch_assoc() on bool in C:\\xampp\\htdocs\\ovas\\services.php:39\nStack trace:\n#0 C:\\xampp\\htdocs\\ovas\\index.php(64): include()\n#1 {main}\n  thrown in C:\\xampp\\htdocs\\ovas\\services.php on line 39, referer: http://localhost/ovas/?page=home
[Mon Oct 20 22:58:42.138756 2025] [php:error] [pid 7300:tid 1936] [client ::1:14759] PHP Fatal error:  Uncaught Error: Call to a member function fetch_assoc() on bool in C:\\xampp\\htdocs\\ovas\\services.php:39\nStack trace:\n#0 C:\\xampp\\htdocs\\ovas\\index.php(64): include()\n#1 {main}\n  thrown in C:\\xampp\\htdocs\\ovas\\services.php on line 39, referer: http://localhost/ovas/?page=home
[Tue Oct 21 21:03:03.077012 2025] [ssl:warn] [pid 33696:tid 444] AH01909: www.example.com:443:0 server certificate does NOT include an ID which matches the server name
[Tue Oct 21 21:03:03.329123 2025] [core:warn] [pid 33696:tid 444] AH00098: pid file C:/xampp/apache/logs/httpd.pid overwritten -- Unclean shutdown of previous Apache run?
[Tue Oct 21 21:03:03.339454 2025] [ssl:warn] [pid 33696:tid 444] AH01909: www.example.com:443:0 server certificate does NOT include an ID which matches the server name
[Tue Oct 21 21:03:05.318557 2025] [mpm_winnt:notice] [pid 33696:tid 444] AH00455: Apache/2.4.58 (Win64) OpenSSL/3.1.3 PHP/8.0.30 configured -- resuming normal operations
[Tue Oct 21 21:03:05.318557 2025] [mpm_winnt:notice] [pid 33696:tid 444] AH00456: Apache Lounge VS17 Server built: Oct 18 2023 13:03:18
[Tue Oct 21 21:03:05.318557 2025] [core:notice] [pid 33696:tid 444] AH00094: Command line: 'c:\\xampp\\apache\\bin\\httpd.exe -d C:/xampp/apache'
[Tue Oct 21 21:03:05.347151 2025] [mpm_winnt:notice] [pid 33696:tid 444] AH00418: Parent: Created child process 37668
[Tue Oct 21 21:03:09.472297 2025] [ssl:warn] [pid 37668:tid 448] AH01909: www.example.com:443:0 server certificate does NOT include an ID which matches the server name
[Tue Oct 21 21:03:09.807078 2025] [ssl:warn] [pid 37668:tid 448] AH01909: www.example.com:443:0 server certificate does NOT include an ID which matches the server name
[Tue Oct 21 21:03:09.939237 2025] [mpm_winnt:notice] [pid 37668:tid 448] AH00354: Child: Starting 150 worker threads.
[Tue Oct 21 22:09:40.800851 2025] [php:error] [pid 37668:tid 1980] [client ::1:4291] PHP Fatal error:  Uncaught Error: Undefined constant "base_url" in C:\\xampp\\htdocs\\ovas\\admin\\inc\\header.php:8\nStack trace:\n#0 C:\\xampp\\htdocs\\ovas\\admin\\login.php(1): require_once()\n#1 {main}\n  thrown in C:\\xampp\\htdocs\\ovas\\admin\\inc\\header.php on line 8, referer: http://localhost/ovas/admin/
[Tue Oct 21 22:14:17.223256 2025] [php:error] [pid 37668:tid 1980] [client ::1:6811] PHP Fatal error:  Uncaught Error: Undefined constant "base_url" in C:\\xampp\\htdocs\\ovas\\admin\\inc\\header.php:8\nStack trace:\n#0 C:\\xampp\\htdocs\\ovas\\admin\\login.php(1): require_once()\n#1 {main}\n  thrown in C:\\xampp\\htdocs\\ovas\\admin\\inc\\header.php on line 8, referer: http://localhost/ovas/admin/
[Sun Oct 26 10:59:05.303512 2025] [ssl:warn] [pid 24928:tid 196] AH01909: www.example.com:443:0 server certificate does NOT include an ID which matches the server name
[Sun Oct 26 10:59:05.379498 2025] [core:warn] [pid 24928:tid 196] AH00098: pid file C:/xampp/apache/logs/httpd.pid overwritten -- Unclean shutdown of previous Apache run?
[Sun Oct 26 10:59:05.383497 2025] [ssl:warn] [pid 24928:tid 196] AH01909: www.example.com:443:0 server certificate does NOT include an ID which matches the server name
[Sun Oct 26 10:59:06.004501 2025] [mpm_winnt:notice] [pid 24928:tid 196] AH00455: Apache/2.4.58 (Win64) OpenSSL/3.1.3 PHP/8.0.30 configured -- resuming normal operations
[Sun Oct 26 10:59:06.004501 2025] [mpm_winnt:notice] [pid 24928:tid 196] AH00456: Apache Lounge VS17 Server built: Oct 18 2023 13:03:18
[Sun Oct 26 10:59:06.004501 2025] [core:notice] [pid 24928:tid 196] AH00094: Command line: 'c:\\xampp\\apache\\bin\\httpd.exe -d C:/xampp/apache'
[Sun Oct 26 10:59:06.013504 2025] [mpm_winnt:notice] [pid 24928:tid 196] AH00418: Parent: Created child process 5100
[Sun Oct 26 10:59:06.775499 2025] [ssl:warn] [pid 5100:tid 440] AH01909: www.example.com:443:0 server certificate does NOT include an ID which matches the server name
[Sun Oct 26 10:59:06.829497 2025] [ssl:warn] [pid 5100:tid 440] AH01909: www.example.com:443:0 server certificate does NOT include an ID which matches the server name
[Sun Oct 26 10:59:06.856498 2025] [mpm_winnt:notice] [pid 5100:tid 440] AH00354: Child: Starting 150 worker threads.
[Sun Oct 26 18:17:56.930972 2025] [ssl:warn] [pid 15932:tid 444] AH01909: www.example.com:443:0 server certificate does NOT include an ID which matches the server name
[Sun Oct 26 18:17:56.982959 2025] [core:warn] [pid 15932:tid 444] AH00098: pid file C:/xampp/apache/logs/httpd.pid overwritten -- Unclean shutdown of previous Apache run?
[Sun Oct 26 18:17:56.984938 2025] [ssl:warn] [pid 15932:tid 444] AH01909: www.example.com:443:0 server certificate does NOT include an ID which matches the server name
[Sun Oct 26 18:17:57.394934 2025] [mpm_winnt:notice] [pid 15932:tid 444] AH00455: Apache/2.4.58 (Win64) OpenSSL/3.1.3 PHP/8.0.30 configured -- resuming normal operations
[Sun Oct 26 18:17:57.394934 2025] [mpm_winnt:notice] [pid 15932:tid 444] AH00456: Apache Lounge VS17 Server built: Oct 18 2023 13:03:18
[Sun Oct 26 18:17:57.394934 2025] [core:notice] [pid 15932:tid 444] AH00094: Command line: 'c:\\xampp\\apache\\bin\\httpd.exe -d C:/xampp/apache'
[Sun Oct 26 18:17:57.399967 2025] [mpm_winnt:notice] [pid 15932:tid 444] AH00418: Parent: Created child process 15204
[Sun Oct 26 18:17:57.961936 2025] [ssl:warn] [pid 15204:tid 444] AH01909: www.example.com:443:0 server certificate does NOT include an ID which matches the server name
[Sun Oct 26 18:17:58.021937 2025] [ssl:warn] [pid 15204:tid 444] AH01909: www.example.com:443:0 server certificate does NOT include an ID which matches the server name
[Sun Oct 26 18:17:58.048936 2025] [mpm_winnt:notice] [pid 15204:tid 444] AH00354: Child: Starting 150 worker threads.
[Sun Oct 26 18:21:13.188820 2025] [php:error] [pid 15204:tid 1932] [client ::1:14584] PHP Fatal error:  Composer detected issues in your platform: Your Composer dependencies require a PHP version ">= 8.1.0". You are running 8.0.30. in C:\\xampp\\htdocs\\ovas\\vendor\\composer\\platform_check.php on line 24
[Sun Oct 26 18:54:46.474974 2025] [ssl:warn] [pid 12892:tid 468] AH01909: www.example.com:443:0 server certificate does NOT include an ID which matches the server name
[Sun Oct 26 18:54:46.527981 2025] [core:warn] [pid 12892:tid 468] AH00098: pid file C:/xampp/apache/logs/httpd.pid overwritten -- Unclean shutdown of previous Apache run?
[Sun Oct 26 18:54:46.531983 2025] [ssl:warn] [pid 12892:tid 468] AH01909: www.example.com:443:0 server certificate does NOT include an ID which matches the server name
[Sun Oct 26 18:54:46.568516 2025] [mpm_winnt:notice] [pid 12892:tid 468] AH00455: Apache/2.4.58 (Win64) OpenSSL/3.1.3 PHP/8.2.29 configured -- resuming normal operations
[Sun Oct 26 18:54:46.568516 2025] [mpm_winnt:notice] [pid 12892:tid 468] AH00456: Apache Lounge VS17 Server built: Oct 18 2023 13:03:18
[Sun Oct 26 18:54:46.568516 2025] [core:notice] [pid 12892:tid 468] AH00094: Command line: 'c:\\xampp\\apache\\bin\\httpd.exe -d C:/xampp/apache'
[Sun Oct 26 18:54:46.573520 2025] [mpm_winnt:notice] [pid 12892:tid 468] AH00418: Parent: Created child process 2304
[Sun Oct 26 18:54:47.205802 2025] [ssl:warn] [pid 2304:tid 444] AH01909: www.example.com:443:0 server certificate does NOT include an ID which matches the server name
[Sun Oct 26 18:54:47.261349 2025] [ssl:warn] [pid 2304:tid 444] AH01909: www.example.com:443:0 server certificate does NOT include an ID which matches the server name
[Sun Oct 26 18:54:47.297393 2025] [mpm_winnt:notice] [pid 2304:tid 444] AH00354: Child: Starting 150 worker threads.
[Sun Oct 26 18:57:57.593835 2025] [mpm_winnt:crit] [pid 2304:tid 444] AH02538: Child: Parent process exited abruptly. Child process is ending
[Sun Oct 26 18:58:34.929729 2025] [ssl:warn] [pid 3024:tid 460] AH01909: www.example.com:443:0 server certificate does NOT include an ID which matches the server name
[Sun Oct 26 18:58:34.987768 2025] [core:warn] [pid 3024:tid 460] AH00098: pid file C:/xampp/apache/logs/httpd.pid overwritten -- Unclean shutdown of previous Apache run?
[Sun Oct 26 18:58:34.990737 2025] [ssl:warn] [pid 3024:tid 460] AH01909: www.example.com:443:0 server certificate does NOT include an ID which matches the server name
[Sun Oct 26 18:58:35.403578 2025] [mpm_winnt:notice] [pid 3024:tid 460] AH00455: Apache/2.4.58 (Win64) OpenSSL/3.1.3 PHP/8.0.30 configured -- resuming normal operations
[Sun Oct 26 18:58:35.403578 2025] [mpm_winnt:notice] [pid 3024:tid 460] AH00456: Apache Lounge VS17 Server built: Oct 18 2023 13:03:18
[Sun Oct 26 18:58:35.403578 2025] [core:notice] [pid 3024:tid 460] AH00094: Command line: 'c:\\xampp\\apache\\bin\\httpd.exe -d C:/xampp/apache'
[Sun Oct 26 18:58:35.408102 2025] [mpm_winnt:notice] [pid 3024:tid 460] AH00418: Parent: Created child process 17092
[Sun Oct 26 18:58:35.989970 2025] [ssl:warn] [pid 17092:tid 444] AH01909: www.example.com:443:0 server certificate does NOT include an ID which matches the server name
[Sun Oct 26 18:58:36.043506 2025] [ssl:warn] [pid 17092:tid 444] AH01909: www.example.com:443:0 server certificate does NOT include an ID which matches the server name
[Sun Oct 26 18:58:36.067510 2025] [mpm_winnt:notice] [pid 17092:tid 444] AH00354: Child: Starting 150 worker threads.
[Sun Oct 26 19:04:32.081460 2025] [ssl:warn] [pid 25964:tid 444] AH01909: www.example.com:443:0 server certificate does NOT include an ID which matches the server name
[Sun Oct 26 19:04:32.137470 2025] [core:warn] [pid 25964:tid 444] AH00098: pid file C:/xampp/apache/logs/httpd.pid overwritten -- Unclean shutdown of previous Apache run?
[Sun Oct 26 19:04:32.139978 2025] [ssl:warn] [pid 25964:tid 444] AH01909: www.example.com:443:0 server certificate does NOT include an ID which matches the server name
[Sun Oct 26 19:04:32.581072 2025] [mpm_winnt:notice] [pid 25964:tid 444] AH00455: Apache/2.4.58 (Win64) OpenSSL/3.1.3 PHP/8.0.30 configured -- resuming normal operations
[Sun Oct 26 19:04:32.581072 2025] [mpm_winnt:notice] [pid 25964:tid 444] AH00456: Apache Lounge VS17 Server built: Oct 18 2023 13:03:18
[Sun Oct 26 19:04:32.581072 2025] [core:notice] [pid 25964:tid 444] AH00094: Command line: 'c:\\xampp\\apache\\bin\\httpd.exe -d C:/xampp/apache'
[Sun Oct 26 19:04:32.586071 2025] [mpm_winnt:notice] [pid 25964:tid 444] AH00418: Parent: Created child process 20868
[Sun Oct 26 19:04:33.199226 2025] [ssl:warn] [pid 20868:tid 500] AH01909: www.example.com:443:0 server certificate does NOT include an ID which matches the server name
[Sun Oct 26 19:04:33.252744 2025] [ssl:warn] [pid 20868:tid 500] AH01909: www.example.com:443:0 server certificate does NOT include an ID which matches the server name
[Sun Oct 26 19:04:33.279744 2025] [mpm_winnt:notice] [pid 20868:tid 500] AH00354: Child: Starting 150 worker threads.
[Sun Oct 26 19:20:36.263839 2025] [ssl:warn] [pid 27704:tid 456] AH01909: www.example.com:443:0 server certificate does NOT include an ID which matches the server name
[Sun Oct 26 19:20:36.345464 2025] [core:warn] [pid 27704:tid 456] AH00098: pid file C:/xampp/apache/logs/httpd.pid overwritten -- Unclean shutdown of previous Apache run?
[Sun Oct 26 19:20:36.350462 2025] [ssl:warn] [pid 27704:tid 456] AH01909: www.example.com:443:0 server certificate does NOT include an ID which matches the server name
[Sun Oct 26 19:20:36.425234 2025] [mpm_winnt:notice] [pid 27704:tid 456] AH00455: Apache/2.4.58 (Win64) OpenSSL/3.1.3 PHP/8.0.30 configured -- resuming normal operations
[Sun Oct 26 19:20:36.425234 2025] [mpm_winnt:notice] [pid 27704:tid 456] AH00456: Apache Lounge VS17 Server built: Oct 18 2023 13:03:18
[Sun Oct 26 19:20:36.425234 2025] [core:notice] [pid 27704:tid 456] AH00094: Command line: 'c:\\xampp\\apache\\bin\\httpd.exe -d C:/xampp/apache'
[Sun Oct 26 19:20:36.431231 2025] [mpm_winnt:notice] [pid 27704:tid 456] AH00418: Parent: Created child process 19544
[Sun Oct 26 19:20:37.171204 2025] [ssl:warn] [pid 19544:tid 484] AH01909: www.example.com:443:0 server certificate does NOT include an ID which matches the server name
[Sun Oct 26 19:20:37.238718 2025] [ssl:warn] [pid 19544:tid 484] AH01909: www.example.com:443:0 server certificate does NOT include an ID which matches the server name
[Sun Oct 26 19:20:37.272721 2025] [mpm_winnt:notice] [pid 19544:tid 484] AH00354: Child: Starting 150 worker threads.
[Sun Oct 26 19:48:43.224926 2025] [ssl:warn] [pid 18860:tid 456] AH01909: www.example.com:443:0 server certificate does NOT include an ID which matches the server name
[Sun Oct 26 19:48:43.320775 2025] [core:warn] [pid 18860:tid 456] AH00098: pid file C:/xampp/apache/logs/httpd.pid overwritten -- Unclean shutdown of previous Apache run?
[Sun Oct 26 19:48:43.326792 2025] [ssl:warn] [pid 18860:tid 456] AH01909: www.example.com:443:0 server certificate does NOT include an ID which matches the server name
[Sun Oct 26 19:48:43.946711 2025] [mpm_winnt:notice] [pid 18860:tid 456] AH00455: Apache/2.4.58 (Win64) OpenSSL/3.1.3 PHP/8.0.30 configured -- resuming normal operations
[Sun Oct 26 19:48:43.946711 2025] [mpm_winnt:notice] [pid 18860:tid 456] AH00456: Apache Lounge VS17 Server built: Oct 18 2023 13:03:18
[Sun Oct 26 19:48:43.946711 2025] [core:notice] [pid 18860:tid 456] AH00094: Command line: 'c:\\xampp\\apache\\bin\\httpd.exe -d C:/xampp/apache'
[Sun Oct 26 19:48:43.952705 2025] [mpm_winnt:notice] [pid 18860:tid 456] AH00418: Parent: Created child process 15504
[Sun Oct 26 19:48:44.729964 2025] [ssl:warn] [pid 15504:tid 456] AH01909: www.example.com:443:0 server certificate does NOT include an ID which matches the server name
[Sun Oct 26 19:48:44.801972 2025] [ssl:warn] [pid 15504:tid 456] AH01909: www.example.com:443:0 server certificate does NOT include an ID which matches the server name
[Sun Oct 26 19:48:44.835488 2025] [mpm_winnt:notice] [pid 15504:tid 456] AH00354: Child: Starting 150 worker threads.
[Sun Oct 26 19:53:00.369852 2025] [mpm_winnt:crit] [pid 15504:tid 456] AH02538: Child: Parent process exited abruptly. Child process is ending
[Sun Oct 26 19:53:02.165097 2025] [ssl:warn] [pid 22080:tid 448] AH01909: www.example.com:443:0 server certificate does NOT include an ID which matches the server name
[Sun Oct 26 19:53:02.232655 2025] [core:warn] [pid 22080:tid 448] AH00098: pid file C:/xampp/apache/logs/httpd.pid overwritten -- Unclean shutdown of previous Apache run?
[Sun Oct 26 19:53:02.235656 2025] [ssl:warn] [pid 22080:tid 448] AH01909: www.example.com:443:0 server certificate does NOT include an ID which matches the server name
[Sun Oct 26 19:53:02.264655 2025] [mpm_winnt:notice] [pid 22080:tid 448] AH00455: Apache/2.4.58 (Win64) OpenSSL/3.1.3 PHP/8.0.30 configured -- resuming normal operations
[Sun Oct 26 19:53:02.264655 2025] [mpm_winnt:notice] [pid 22080:tid 448] AH00456: Apache Lounge VS17 Server built: Oct 18 2023 13:03:18
[Sun Oct 26 19:53:02.264655 2025] [core:notice] [pid 22080:tid 448] AH00094: Command line: 'c:\\xampp\\apache\\bin\\httpd.exe -d C:/xampp/apache'
[Sun Oct 26 19:53:02.269655 2025] [mpm_winnt:notice] [pid 22080:tid 448] AH00418: Parent: Created child process 23736
[Sun Oct 26 19:53:02.895870 2025] [ssl:warn] [pid 23736:tid 464] AH01909: www.example.com:443:0 server certificate does NOT include an ID which matches the server name
[Sun Oct 26 19:53:02.969301 2025] [ssl:warn] [pid 23736:tid 464] AH01909: www.example.com:443:0 server certificate does NOT include an ID which matches the server name
[Sun Oct 26 19:53:03.006286 2025] [mpm_winnt:notice] [pid 23736:tid 464] AH00354: Child: Starting 150 worker threads.
[Sun Oct 26 19:57:09.537207 2025] [php:error] [pid 23736:tid 1952] [client ::1:1428] PHP Fatal error:  Composer detected issues in your platform: Your Composer dependencies require a PHP version ">= 8.1.0". You are running 8.0.30. in C:\\xampp\\htdocs\\ovas\\vendor\\composer\\platform_check.php on line 24
[Sun Oct 26 20:17:30.448605 2025] [ssl:warn] [pid 24516:tid 444] AH01909: www.example.com:443:0 server certificate does NOT include an ID which matches the server name
[Sun Oct 26 20:17:30.512092 2025] [core:warn] [pid 24516:tid 444] AH00098: pid file C:/xampp/apache/logs/httpd.pid overwritten -- Unclean shutdown of previous Apache run?
[Sun Oct 26 20:17:30.515090 2025] [ssl:warn] [pid 24516:tid 444] AH01909: www.example.com:443:0 server certificate does NOT include an ID which matches the server name
[Sun Oct 26 20:17:30.570122 2025] [mpm_winnt:notice] [pid 24516:tid 444] AH00455: Apache/2.4.58 (Win64) OpenSSL/3.1.3 PHP/8.0.30 configured -- resuming normal operations
[Sun Oct 26 20:17:30.570122 2025] [mpm_winnt:notice] [pid 24516:tid 444] AH00456: Apache Lounge VS17 Server built: Oct 18 2023 13:03:18
[Sun Oct 26 20:17:30.570122 2025] [core:notice] [pid 24516:tid 444] AH00094: Command line: 'c:\\xampp\\apache\\bin\\httpd.exe -d C:/xampp/apache'
[Sun Oct 26 20:17:30.574088 2025] [mpm_winnt:notice] [pid 24516:tid 444] AH00418: Parent: Created child process 14764
[Sun Oct 26 20:17:31.356707 2025] [ssl:warn] [pid 14764:tid 464] AH01909: www.example.com:443:0 server certificate does NOT include an ID which matches the server name
[Sun Oct 26 20:17:31.418241 2025] [ssl:warn] [pid 14764:tid 464] AH01909: www.example.com:443:0 server certificate does NOT include an ID which matches the server name
[Sun Oct 26 20:17:31.447241 2025] [mpm_winnt:notice] [pid 14764:tid 464] AH00354: Child: Starting 150 worker threads.
[Sun Oct 26 20:17:36.708497 2025] [php:warn] [pid 14764:tid 1948] [client ::1:12756] PHP Warning:  Undefined variable $_settings in C:\\xampp\\htdocs\\ovas\\index.php on line 16
[Sun Oct 26 20:17:36.708497 2025] [php:error] [pid 14764:tid 1948] [client ::1:12756] PHP Fatal error:  Uncaught Error: Call to a member function info() on null in C:\\xampp\\htdocs\\ovas\\index.php:16\nStack trace:\n#0 {main}\n  thrown in C:\\xampp\\htdocs\\ovas\\index.php on line 16
[Sun Oct 26 20:18:17.247807 2025] [php:warn] [pid 14764:tid 1932] [client ::1:11235] PHP Warning:  Undefined variable $_settings in C:\\xampp\\htdocs\\ovas\\index.php on line 16
[Sun Oct 26 20:18:17.248808 2025] [php:error] [pid 14764:tid 1932] [client ::1:11235] PHP Fatal error:  Uncaught Error: Call to a member function info() on null in C:\\xampp\\htdocs\\ovas\\index.php:16\nStack trace:\n#0 {main}\n  thrown in C:\\xampp\\htdocs\\ovas\\index.php on line 16
[Sun Oct 26 20:18:20.435841 2025] [php:warn] [pid 14764:tid 1932] [client ::1:11235] PHP Warning:  Undefined variable $_settings in C:\\xampp\\htdocs\\ovas\\index.php on line 16
[Sun Oct 26 20:18:20.435841 2025] [php:error] [pid 14764:tid 1932] [client ::1:11235] PHP Fatal error:  Uncaught Error: Call to a member function info() on null in C:\\xampp\\htdocs\\ovas\\index.php:16\nStack trace:\n#0 {main}\n  thrown in C:\\xampp\\htdocs\\ovas\\index.php on line 16
[Sun Oct 26 20:18:24.199825 2025] [php:warn] [pid 14764:tid 1932] [client ::1:11235] PHP Warning:  Undefined variable $_settings in C:\\xampp\\htdocs\\ovas\\index.php on line 16
[Sun Oct 26 20:18:24.200825 2025] [php:error] [pid 14764:tid 1932] [client ::1:11235] PHP Fatal error:  Uncaught Error: Call to a member function info() on null in C:\\xampp\\htdocs\\ovas\\index.php:16\nStack trace:\n#0 {main}\n  thrown in C:\\xampp\\htdocs\\ovas\\index.php on line 16
[Sun Oct 26 20:18:26.768965 2025] [php:warn] [pid 14764:tid 1932] [client ::1:11235] PHP Warning:  Undefined variable $_settings in C:\\xampp\\htdocs\\ovas\\index.php on line 16
[Sun Oct 26 20:18:26.768965 2025] [php:error] [pid 14764:tid 1932] [client ::1:11235] PHP Fatal error:  Uncaught Error: Call to a member function info() on null in C:\\xampp\\htdocs\\ovas\\index.php:16\nStack trace:\n#0 {main}\n  thrown in C:\\xampp\\htdocs\\ovas\\index.php on line 16
[Sun Oct 26 20:18:32.204718 2025] [php:warn] [pid 14764:tid 1936] [client ::1:10056] PHP Warning:  Undefined variable $_settings in C:\\xampp\\htdocs\\ovas\\index.php on line 16
[Sun Oct 26 20:18:32.205721 2025] [php:error] [pid 14764:tid 1936] [client ::1:10056] PHP Fatal error:  Uncaught Error: Call to a member function info() on null in C:\\xampp\\htdocs\\ovas\\index.php:16\nStack trace:\n#0 {main}\n  thrown in C:\\xampp\\htdocs\\ovas\\index.php on line 16
[Sun Oct 26 20:18:35.841200 2025] [php:warn] [pid 14764:tid 1936] [client ::1:10056] PHP Warning:  Undefined variable $_settings in C:\\xampp\\htdocs\\ovas\\index.php on line 16
[Sun Oct 26 20:18:35.841200 2025] [php:error] [pid 14764:tid 1936] [client ::1:10056] PHP Fatal error:  Uncaught Error: Call to a member function info() on null in C:\\xampp\\htdocs\\ovas\\index.php:16\nStack trace:\n#0 {main}\n  thrown in C:\\xampp\\htdocs\\ovas\\index.php on line 16
[Sun Oct 26 20:18:37.506899 2025] [php:warn] [pid 14764:tid 1936] [client ::1:10056] PHP Warning:  Undefined variable $_settings in C:\\xampp\\htdocs\\ovas\\index.php on line 16
[Sun Oct 26 20:18:37.506899 2025] [php:error] [pid 14764:tid 1936] [client ::1:10056] PHP Fatal error:  Uncaught Error: Call to a member function info() on null in C:\\xampp\\htdocs\\ovas\\index.php:16\nStack trace:\n#0 {main}\n  thrown in C:\\xampp\\htdocs\\ovas\\index.php on line 16
[Sun Oct 26 20:18:55.334512 2025] [mpm_winnt:crit] [pid 14764:tid 464] AH02538: Child: Parent process exited abruptly. Child process is ending
[Sun Oct 26 20:18:57.205159 2025] [ssl:warn] [pid 22008:tid 496] AH01909: www.example.com:443:0 server certificate does NOT include an ID which matches the server name
[Sun Oct 26 20:18:57.264162 2025] [core:warn] [pid 22008:tid 496] AH00098: pid file C:/xampp/apache/logs/httpd.pid overwritten -- Unclean shutdown of previous Apache run?
[Sun Oct 26 20:18:57.267160 2025] [ssl:warn] [pid 22008:tid 496] AH01909: www.example.com:443:0 server certificate does NOT include an ID which matches the server name
[Sun Oct 26 20:18:57.294685 2025] [mpm_winnt:notice] [pid 22008:tid 496] AH00455: Apache/2.4.58 (Win64) OpenSSL/3.1.3 PHP/8.0.30 configured -- resuming normal operations
[Sun Oct 26 20:18:57.294685 2025] [mpm_winnt:notice] [pid 22008:tid 496] AH00456: Apache Lounge VS17 Server built: Oct 18 2023 13:03:18
[Sun Oct 26 20:18:57.294685 2025] [core:notice] [pid 22008:tid 496] AH00094: Command line: 'c:\\xampp\\apache\\bin\\httpd.exe -d C:/xampp/apache'
[Sun Oct 26 20:18:57.299687 2025] [mpm_winnt:notice] [pid 22008:tid 496] AH00418: Parent: Created child process 24728
[Sun Oct 26 20:18:58.254479 2025] [ssl:warn] [pid 24728:tid 444] AH01909: www.example.com:443:0 server certificate does NOT include an ID which matches the server name
[Sun Oct 26 20:18:58.350005 2025] [ssl:warn] [pid 24728:tid 444] AH01909: www.example.com:443:0 server certificate does NOT include an ID which matches the server name
[Sun Oct 26 20:18:58.388030 2025] [mpm_winnt:notice] [pid 24728:tid 444] AH00354: Child: Starting 150 worker threads.
[Sun Oct 26 20:24:34.617873 2025] [php:warn] [pid 24728:tid 1980] [client ::1:1262] PHP Warning:  Undefined variable $_settings in C:\\xampp\\htdocs\\ovas\\index.php on line 16
[Sun Oct 26 20:24:34.617873 2025] [php:error] [pid 24728:tid 1980] [client ::1:1262] PHP Fatal error:  Uncaught Error: Call to a member function info() on null in C:\\xampp\\htdocs\\ovas\\index.php:16\nStack trace:\n#0 {main}\n  thrown in C:\\xampp\\htdocs\\ovas\\index.php on line 16
[Sun Oct 26 20:24:40.384314 2025] [php:warn] [pid 24728:tid 1968] [client ::1:8935] PHP Warning:  Undefined variable $_settings in C:\\xampp\\htdocs\\ovas\\index.php on line 16
[Sun Oct 26 20:24:40.384314 2025] [php:error] [pid 24728:tid 1968] [client ::1:8935] PHP Fatal error:  Uncaught Error: Call to a member function info() on null in C:\\xampp\\htdocs\\ovas\\index.php:16\nStack trace:\n#0 {main}\n  thrown in C:\\xampp\\htdocs\\ovas\\index.php on line 16
[Sun Oct 26 21:53:56.068187 2025] [php:warn] [pid 24728:tid 1968] [client ::1:7458] PHP Warning:  Undefined variable $_settings in C:\\xampp\\htdocs\\ovas\\index.php on line 16
[Sun Oct 26 21:53:56.069185 2025] [php:error] [pid 24728:tid 1968] [client ::1:7458] PHP Fatal error:  Uncaught Error: Call to a member function info() on null in C:\\xampp\\htdocs\\ovas\\index.php:16\nStack trace:\n#0 {main}\n  thrown in C:\\xampp\\htdocs\\ovas\\index.php on line 16
[Sun Oct 26 21:54:11.831195 2025] [ssl:warn] [pid 26860:tid 476] AH01909: www.example.com:443:0 server certificate does NOT include an ID which matches the server name
[Sun Oct 26 21:54:11.885903 2025] [core:warn] [pid 26860:tid 476] AH00098: pid file C:/xampp/apache/logs/httpd.pid overwritten -- Unclean shutdown of previous Apache run?
[Sun Oct 26 21:54:11.887902 2025] [ssl:warn] [pid 26860:tid 476] AH01909: www.example.com:443:0 server certificate does NOT include an ID which matches the server name
[Sun Oct 26 21:54:11.913516 2025] [mpm_winnt:notice] [pid 26860:tid 476] AH00455: Apache/2.4.58 (Win64) OpenSSL/3.1.3 PHP/8.0.30 configured -- resuming normal operations
[Sun Oct 26 21:54:11.913516 2025] [mpm_winnt:notice] [pid 26860:tid 476] AH00456: Apache Lounge VS17 Server built: Oct 18 2023 13:03:18
[Sun Oct 26 21:54:11.913516 2025] [core:notice] [pid 26860:tid 476] AH00094: Command line: 'c:\\xampp\\apache\\bin\\httpd.exe -d C:/xampp/apache'
[Sun Oct 26 21:54:11.918479 2025] [mpm_winnt:notice] [pid 26860:tid 476] AH00418: Parent: Created child process 27072
[Sun Oct 26 21:54:12.451723 2025] [ssl:warn] [pid 27072:tid 444] AH01909: www.example.com:443:0 server certificate does NOT include an ID which matches the server name
[Sun Oct 26 21:54:12.502721 2025] [ssl:warn] [pid 27072:tid 444] AH01909: www.example.com:443:0 server certificate does NOT include an ID which matches the server name
[Sun Oct 26 21:54:12.528759 2025] [mpm_winnt:notice] [pid 27072:tid 444] AH00354: Child: Starting 150 worker threads.
[Sun Oct 26 21:54:25.424297 2025] [php:warn] [pid 27072:tid 1944] [client ::1:9211] PHP Warning:  Undefined variable $_settings in C:\\xampp\\htdocs\\ovas\\index.php on line 16
[Sun Oct 26 21:54:25.425292 2025] [php:error] [pid 27072:tid 1944] [client ::1:9211] PHP Fatal error:  Uncaught Error: Call to a member function info() on null in C:\\xampp\\htdocs\\ovas\\index.php:16\nStack trace:\n#0 {main}\n  thrown in C:\\xampp\\htdocs\\ovas\\index.php on line 16
[Sun Oct 26 21:59:37.315134 2025] [php:warn] [pid 27072:tid 1944] [client ::1:5193] PHP Warning:  Undefined variable $_settings in C:\\xampp\\htdocs\\ovas\\index.php on line 16
[Sun Oct 26 21:59:37.315134 2025] [php:error] [pid 27072:tid 1944] [client ::1:5193] PHP Fatal error:  Uncaught Error: Call to a member function info() on null in C:\\xampp\\htdocs\\ovas\\index.php:16\nStack trace:\n#0 {main}\n  thrown in C:\\xampp\\htdocs\\ovas\\index.php on line 16
