[2025-10-26 22:14:15] 2: Cannot modify header information - headers already sent by (output started at C:\xampp\htdocs\ovas\index.php:2) in C:\xampp\htdocs\ovas\inc\header.php:6 | IP: unknown | User: guest | Context: []
[2025-10-26 22:14:15] 2: Cannot modify header information - headers already sent by (output started at C:\xampp\htdocs\ovas\index.php:2) in C:\xampp\htdocs\ovas\inc\header.php:7 | IP: unknown | User: guest | Context: []
[2025-10-26 22:14:15] 2: Cannot modify header information - headers already sent by (output started at C:\xampp\htdocs\ovas\index.php:2) in C:\xampp\htdocs\ovas\inc\header.php:8 | IP: unknown | User: guest | Context: []
[2025-10-26 22:14:15] 2: Cannot modify header information - headers already sent by (output started at C:\xampp\htdocs\ovas\index.php:2) in C:\xampp\htdocs\ovas\inc\header.php:9 | IP: unknown | User: guest | Context: []
[2025-10-26 22:14:15] 2: Cannot modify header information - headers already sent by (output started at C:\xampp\htdocs\ovas\index.php:2) in C:\xampp\htdocs\ovas\inc\header.php:10 | IP: unknown | User: guest | Context: []
[2025-10-26 22:14:15] 2: Undefined array key "SERVER_NAME" in C:\xampp\htdocs\ovas\inc\header.php:13 | IP: unknown | User: guest | Context: []
[2025-10-26 22:14:15] 2: Undefined array key "HTTP_HOST" in C:\xampp\htdocs\ovas\inc\header.php:13 | IP: unknown | User: guest | Context: []
[2025-10-26 22:14:15] 2: Undefined array key "HTTP_HOST" in C:\xampp\htdocs\ovas\inc\header.php:14 | IP: unknown | User: guest | Context: []
[2025-10-26 22:14:15] 2: Undefined array key "REQUEST_URI" in C:\xampp\htdocs\ovas\inc\header.php:14 | IP: unknown | User: guest | Context: []
[2025-10-26 22:14:15] 2: Cannot modify header information - headers already sent by (output started at C:\xampp\htdocs\ovas\index.php:2) in C:\xampp\htdocs\ovas\inc\header.php:15 | IP: unknown | User: guest | Context: []
[2025-10-26 22:32:37] CRITICAL: syntax error, unexpected token "=>" in C:\xampp\htdocs\ovas\services.php:32 | IP: ::1 | User: guest | Context: {"trace":"#0 {main}","code":0}
[2025-10-26 22:32:37] ERROR: Database logging failed: SQLSTATE[42S02]: Base table or view not found: 1146 Table 'ovas_db.error_logs' doesn't exist in C:\xampp\htdocs\ovas\classes\ErrorLogger.php:117 | IP: ::1 | User: guest | Context: {"timestamp":"2025-10-26 22:32:37","level":"CRITICAL","message":"syntax error, unexpected token \"=>\"","context":{"trace":"#0 {main}","code":0},"file":"C:\\xampp\\htdocs\\ovas\\services.php","line":32,"user_id":null,"ip_address":"::1","user_agent":"Mozilla\/5.0 (Windows NT 10.0; Win64; x64) AppleWebKit\/537.36 (KHTML, like Gecko) Chrome\/141.0.0.0 Safari\/537.36","request_uri":"\/ovas\/?page=services"}
[2025-10-26 22:32:37] ERROR: Failed to create admin alert: SQLSTATE[42S02]: Base table or view not found: 1146 Table 'ovas_db.admin_alerts' doesn't exist in C:\xampp\htdocs\ovas\classes\ErrorLogger.php:154 | IP: ::1 | User: guest | Context: []
[2025-10-26 22:39:09] CRITICAL: syntax error, unexpected token "=>" in C:\xampp\htdocs\ovas\services.php:32 | IP: ::1 | User: guest | Context: {"trace":"#0 {main}","code":0}
[2025-10-26 22:39:09] ERROR: Database logging failed: SQLSTATE[42S02]: Base table or view not found: 1146 Table 'ovas_db.error_logs' doesn't exist in C:\xampp\htdocs\ovas\classes\ErrorLogger.php:117 | IP: ::1 | User: guest | Context: {"timestamp":"2025-10-26 22:39:09","level":"CRITICAL","message":"syntax error, unexpected token \"=>\"","context":{"trace":"#0 {main}","code":0},"file":"C:\\xampp\\htdocs\\ovas\\services.php","line":32,"user_id":null,"ip_address":"::1","user_agent":"Mozilla\/5.0 (Windows NT 10.0; Win64; x64) AppleWebKit\/537.36 (KHTML, like Gecko) Chrome\/141.0.0.0 Safari\/537.36","request_uri":"\/ovas\/?page=services"}
[2025-10-26 22:39:09] ERROR: Failed to create admin alert: SQLSTATE[42S02]: Base table or view not found: 1146 Table 'ovas_db.admin_alerts' doesn't exist in C:\xampp\htdocs\ovas\classes\ErrorLogger.php:154 | IP: ::1 | User: guest | Context: []
[2025-10-26 22:46:47] 2: Cannot modify header information - headers already sent by (output started at C:\xampp\htdocs\ovas\index.php:2) in C:\xampp\htdocs\ovas\inc\header.php:6 | IP: unknown | User: guest | Context: []
[2025-10-26 22:46:47] 2: Cannot modify header information - headers already sent by (output started at C:\xampp\htdocs\ovas\index.php:2) in C:\xampp\htdocs\ovas\inc\header.php:7 | IP: unknown | User: guest | Context: []
[2025-10-26 22:46:47] 2: Cannot modify header information - headers already sent by (output started at C:\xampp\htdocs\ovas\index.php:2) in C:\xampp\htdocs\ovas\inc\header.php:8 | IP: unknown | User: guest | Context: []
[2025-10-26 22:46:47] 2: Cannot modify header information - headers already sent by (output started at C:\xampp\htdocs\ovas\index.php:2) in C:\xampp\htdocs\ovas\inc\header.php:9 | IP: unknown | User: guest | Context: []
[2025-10-26 22:46:47] 2: Cannot modify header information - headers already sent by (output started at C:\xampp\htdocs\ovas\index.php:2) in C:\xampp\htdocs\ovas\inc\header.php:10 | IP: unknown | User: guest | Context: []
[2025-10-26 22:46:47] 2: Undefined array key "SERVER_NAME" in C:\xampp\htdocs\ovas\inc\header.php:13 | IP: unknown | User: guest | Context: []
[2025-10-26 22:46:47] 2: Undefined array key "HTTP_HOST" in C:\xampp\htdocs\ovas\inc\header.php:13 | IP: unknown | User: guest | Context: []
[2025-10-26 22:46:47] 2: Undefined array key "HTTP_HOST" in C:\xampp\htdocs\ovas\inc\header.php:14 | IP: unknown | User: guest | Context: []
[2025-10-26 22:46:47] 2: Undefined array key "REQUEST_URI" in C:\xampp\htdocs\ovas\inc\header.php:14 | IP: unknown | User: guest | Context: []
[2025-10-26 22:46:47] 2: Cannot modify header information - headers already sent by (output started at C:\xampp\htdocs\ovas\index.php:2) in C:\xampp\htdocs\ovas\inc\header.php:15 | IP: unknown | User: guest | Context: []
[2025-10-26 23:09:56] EMERGENCY: Maximum execution time of 120 seconds exceeded in C:\xampp\htdocs\ovas\inc\topBarNav.php:9 | IP: ::1 | User: guest | Context: []
[2025-10-26 23:09:56] ERROR: Database logging failed: SQLSTATE[42S02]: Base table or view not found: 1146 Table 'ovas_db.error_logs' doesn't exist in C:\xampp\htdocs\ovas\classes\ErrorLogger.php:117 | IP: ::1 | User: guest | Context: {"timestamp":"2025-10-26 23:09:56","level":"EMERGENCY","message":"Maximum execution time of 120 seconds exceeded","context":[],"file":"C:\\xampp\\htdocs\\ovas\\inc\\topBarNav.php","line":9,"user_id":null,"ip_address":"::1","user_agent":"Mozilla\/5.0 (Windows NT 10.0; Win64; x64) AppleWebKit\/537.36 (KHTML, like Gecko) Chrome\/141.0.0.0 Safari\/537.36","request_uri":"\/ovas\/"}
[2025-10-26 23:09:56] ERROR: Failed to create admin alert: SQLSTATE[42S02]: Base table or view not found: 1146 Table 'ovas_db.admin_alerts' doesn't exist in C:\xampp\htdocs\ovas\classes\ErrorLogger.php:154 | IP: ::1 | User: guest | Context: []
[2025-10-26 23:15:33] EMERGENCY: Maximum execution time of 120 seconds exceeded in C:\xampp\htdocs\ovas\inc\topBarNav.php:5 | IP: ::1 | User: guest | Context: []
[2025-10-26 23:15:33] ERROR: Database logging failed: SQLSTATE[42S02]: Base table or view not found: 1146 Table 'ovas_db.error_logs' doesn't exist in C:\xampp\htdocs\ovas\classes\ErrorLogger.php:117 | IP: ::1 | User: guest | Context: {"timestamp":"2025-10-26 23:15:33","level":"EMERGENCY","message":"Maximum execution time of 120 seconds exceeded","context":[],"file":"C:\\xampp\\htdocs\\ovas\\inc\\topBarNav.php","line":5,"user_id":null,"ip_address":"::1","user_agent":"Mozilla\/5.0 (Windows NT 10.0; Win64; x64) AppleWebKit\/537.36 (KHTML, like Gecko) Chrome\/141.0.0.0 Safari\/537.36","request_uri":"\/ovas\/"}
[2025-10-26 23:15:33] ERROR: Failed to create admin alert: SQLSTATE[42S02]: Base table or view not found: 1146 Table 'ovas_db.admin_alerts' doesn't exist in C:\xampp\htdocs\ovas\classes\ErrorLogger.php:154 | IP: ::1 | User: guest | Context: []
[2025-10-26 23:38:06] 2: Undefined array key "admin" in C:\xampp\htdocs\ovas\inc\topBarNav.php:130 | IP: ::1 | User: guest | Context: []
[2025-10-26 23:38:34] CRITICAL: syntax error, unexpected token "=>" in C:\xampp\htdocs\ovas\services.php:32 | IP: ::1 | User: guest | Context: {"trace":"#0 {main}","code":0}
[2025-10-26 23:38:34] ERROR: Database logging failed: SQLSTATE[42S02]: Base table or view not found: 1146 Table 'ovas_db.error_logs' doesn't exist in C:\xampp\htdocs\ovas\classes\ErrorLogger.php:117 | IP: ::1 | User: guest | Context: {"timestamp":"2025-10-26 23:38:34","level":"CRITICAL","message":"syntax error, unexpected token \"=>\"","context":{"trace":"#0 {main}","code":0},"file":"C:\\xampp\\htdocs\\ovas\\services.php","line":32,"user_id":null,"ip_address":"::1","user_agent":"Mozilla\/5.0 (Windows NT 10.0; Win64; x64) AppleWebKit\/537.36 (KHTML, like Gecko) Chrome\/141.0.0.0 Safari\/537.36","request_uri":"\/ovas\/?page=services"}
[2025-10-26 23:38:34] ERROR: Failed to create admin alert: SQLSTATE[42S02]: Base table or view not found: 1146 Table 'ovas_db.admin_alerts' doesn't exist in C:\xampp\htdocs\ovas\classes\ErrorLogger.php:154 | IP: ::1 | User: guest | Context: []
[2025-10-26 23:38:39] CRITICAL: syntax error, unexpected token "=>" in C:\xampp\htdocs\ovas\services.php:32 | IP: ::1 | User: guest | Context: {"trace":"#0 {main}","code":0}
[2025-10-26 23:38:39] ERROR: Database logging failed: SQLSTATE[42S02]: Base table or view not found: 1146 Table 'ovas_db.error_logs' doesn't exist in C:\xampp\htdocs\ovas\classes\ErrorLogger.php:117 | IP: ::1 | User: guest | Context: {"timestamp":"2025-10-26 23:38:39","level":"CRITICAL","message":"syntax error, unexpected token \"=>\"","context":{"trace":"#0 {main}","code":0},"file":"C:\\xampp\\htdocs\\ovas\\services.php","line":32,"user_id":null,"ip_address":"::1","user_agent":"Mozilla\/5.0 (Windows NT 10.0; Win64; x64) AppleWebKit\/537.36 (KHTML, like Gecko) Chrome\/141.0.0.0 Safari\/537.36","request_uri":"\/ovas\/?page=services"}
[2025-10-26 23:38:39] ERROR: Failed to create admin alert: SQLSTATE[42S02]: Base table or view not found: 1146 Table 'ovas_db.admin_alerts' doesn't exist in C:\xampp\htdocs\ovas\classes\ErrorLogger.php:154 | IP: ::1 | User: guest | Context: []
[2025-10-26 23:39:49] CRITICAL: syntax error, unexpected token "=>" in C:\xampp\htdocs\ovas\services.php:32 | IP: ::1 | User: guest | Context: {"trace":"#0 {main}","code":0}
[2025-10-26 23:39:49] ERROR: Database logging failed: SQLSTATE[42S02]: Base table or view not found: 1146 Table 'ovas_db.error_logs' doesn't exist in C:\xampp\htdocs\ovas\classes\ErrorLogger.php:117 | IP: ::1 | User: guest | Context: {"timestamp":"2025-10-26 23:39:49","level":"CRITICAL","message":"syntax error, unexpected token \"=>\"","context":{"trace":"#0 {main}","code":0},"file":"C:\\xampp\\htdocs\\ovas\\services.php","line":32,"user_id":null,"ip_address":"::1","user_agent":"Mozilla\/5.0 (Windows NT 10.0; Win64; x64) AppleWebKit\/537.36 (KHTML, like Gecko) Chrome\/141.0.0.0 Safari\/537.36","request_uri":"\/ovas\/?page=services"}
[2025-10-26 23:39:49] ERROR: Failed to create admin alert: SQLSTATE[42S02]: Base table or view not found: 1146 Table 'ovas_db.admin_alerts' doesn't exist in C:\xampp\htdocs\ovas\classes\ErrorLogger.php:154 | IP: ::1 | User: guest | Context: []
[2025-10-26 23:41:58] CRITICAL: syntax error, unexpected token "=>" in C:\xampp\htdocs\ovas\services.php:32 | IP: ::1 | User: guest | Context: {"trace":"#0 {main}","code":0}
[2025-10-26 23:41:58] ERROR: Database logging failed: SQLSTATE[42S02]: Base table or view not found: 1146 Table 'ovas_db.error_logs' doesn't exist in C:\xampp\htdocs\ovas\classes\ErrorLogger.php:117 | IP: ::1 | User: guest | Context: {"timestamp":"2025-10-26 23:41:58","level":"CRITICAL","message":"syntax error, unexpected token \"=>\"","context":{"trace":"#0 {main}","code":0},"file":"C:\\xampp\\htdocs\\ovas\\services.php","line":32,"user_id":null,"ip_address":"::1","user_agent":"Mozilla\/5.0 (Windows NT 10.0; Win64; x64) AppleWebKit\/537.36 (KHTML, like Gecko) Chrome\/141.0.0.0 Safari\/537.36","request_uri":"\/ovas\/?page=services"}
[2025-10-26 23:41:58] ERROR: Failed to create admin alert: SQLSTATE[42S02]: Base table or view not found: 1146 Table 'ovas_db.admin_alerts' doesn't exist in C:\xampp\htdocs\ovas\classes\ErrorLogger.php:154 | IP: ::1 | User: guest | Context: []
[2025-10-27 11:19:20] 8: session_start(): Ignoring session_start() because a session is already active in C:\xampp\htdocs\ovas\admin\login.php:27 | IP: ::1 | User: guest | Context: []
[2025-10-27 11:20:42] 8: session_start(): Ignoring session_start() because a session is already active in C:\xampp\htdocs\ovas\admin\login.php:27 | IP: ::1 | User: guest | Context: []
[2025-10-27 11:20:51] 8: session_start(): Ignoring session_start() because a session is already active in C:\xampp\htdocs\ovas\admin\login.php:20 | IP: ::1 | User: guest | Context: []
[2025-10-27 11:20:51] 8: session_start(): Ignoring session_start() because a session is already active in C:\xampp\htdocs\ovas\admin\login.php:27 | IP: ::1 | User: guest | Context: []
[2025-10-28 15:43:24] CRITICAL: syntax error, unexpected token "=>" in C:\xampp\htdocs\ovas\services.php:32 | IP: ::1 | User: guest | Context: {"trace":"#0 {main}","code":0}
[2025-10-28 15:43:24] ERROR: Database logging failed: SQLSTATE[42S02]: Base table or view not found: 1146 Table 'ovas_db.error_logs' doesn't exist in C:\xampp\htdocs\ovas\classes\ErrorLogger.php:117 | IP: ::1 | User: guest | Context: {"timestamp":"2025-10-28 15:43:24","level":"CRITICAL","message":"syntax error, unexpected token \"=>\"","context":{"trace":"#0 {main}","code":0},"file":"C:\\xampp\\htdocs\\ovas\\services.php","line":32,"user_id":null,"ip_address":"::1","user_agent":"Mozilla\/5.0 (Windows NT 10.0; Win64; x64) AppleWebKit\/537.36 (KHTML, like Gecko) Chrome\/141.0.0.0 Safari\/537.36","request_uri":"\/ovas\/?page=services"}
[2025-10-28 15:43:24] ERROR: Failed to create admin alert: SQLSTATE[42S02]: Base table or view not found: 1146 Table 'ovas_db.admin_alerts' doesn't exist in C:\xampp\htdocs\ovas\classes\ErrorLogger.php:154 | IP: ::1 | User: guest | Context: []
[2025-10-28 16:03:39] CRITICAL: Call to undefined method mysqli_stmt::fetchAll() in C:\xampp\htdocs\ovas\admin\check_credentials.php:15 | IP: ::1 | User: guest | Context: {"trace":"#0 {main}","code":0}
[2025-10-28 16:03:39] ERROR: Database logging failed: SQLSTATE[42S02]: Base table or view not found: 1146 Table 'ovas_db.error_logs' doesn't exist in C:\xampp\htdocs\ovas\classes\ErrorLogger.php:117 | IP: ::1 | User: guest | Context: {"timestamp":"2025-10-28 16:03:39","level":"CRITICAL","message":"Call to undefined method mysqli_stmt::fetchAll()","context":{"trace":"#0 {main}","code":0},"file":"C:\\xampp\\htdocs\\ovas\\admin\\check_credentials.php","line":15,"user_id":null,"ip_address":"::1","user_agent":"Mozilla\/5.0 (Windows NT 10.0; Win64; x64) AppleWebKit\/537.36 (KHTML, like Gecko) Code\/1.105.1 Chrome\/138.0.7204.251 Electron\/37.6.0 Safari\/537.36","request_uri":"\/ovas\/admin\/check_credentials.php?id=9e029e0e-86fb-4436-8888-0a4b6e8e9ade&vscodeBrowserReqId=1761656619258"}
[2025-10-28 16:03:39] ERROR: Failed to create admin alert: SQLSTATE[42S02]: Base table or view not found: 1146 Table 'ovas_db.admin_alerts' doesn't exist in C:\xampp\htdocs\ovas\classes\ErrorLogger.php:154 | IP: ::1 | User: guest | Context: []
[2025-10-28 16:03:57] 8: session_start(): Ignoring session_start() because a session is already active in C:\xampp\htdocs\ovas\admin\login.php:27 | IP: ::1 | User: guest | Context: []
[2025-10-28 16:54:40] CRITICAL: Call to undefined method mysqli_stmt::fetchAll() in C:\xampp\htdocs\ovas\admin\check_credentials.php:15 | IP: ::1 | User: guest | Context: {"trace":"#0 {main}","code":0}
[2025-10-28 16:54:40] ERROR: Database logging failed: SQLSTATE[42S02]: Base table or view not found: 1146 Table 'ovas_db.error_logs' doesn't exist in C:\xampp\htdocs\ovas\classes\ErrorLogger.php:117 | IP: ::1 | User: guest | Context: {"timestamp":"2025-10-28 16:54:40","level":"CRITICAL","message":"Call to undefined method mysqli_stmt::fetchAll()","context":{"trace":"#0 {main}","code":0},"file":"C:\\xampp\\htdocs\\ovas\\admin\\check_credentials.php","line":15,"user_id":null,"ip_address":"::1","user_agent":"Mozilla\/5.0 (Windows NT 10.0; Win64; x64) AppleWebKit\/537.36 (KHTML, like Gecko) Code\/1.105.1 Chrome\/138.0.7204.251 Electron\/37.6.0 Safari\/537.36","request_uri":"\/ovas\/admin\/check_credentials.php?id=9e029e0e-86fb-4436-8888-0a4b6e8e9ade&vscodeBrowserReqId=1761659678376"}
[2025-10-28 16:54:40] ERROR: Failed to create admin alert: SQLSTATE[42S02]: Base table or view not found: 1146 Table 'ovas_db.admin_alerts' doesn't exist in C:\xampp\htdocs\ovas\classes\ErrorLogger.php:154 | IP: ::1 | User: guest | Context: []
[2025-10-28 16:54:43] 8: session_start(): Ignoring session_start() because a session is already active in C:\xampp\htdocs\ovas\admin\login.php:27 | IP: ::1 | User: guest | Context: []
